10000 00600000
I (28) boot:  3 storage          Unknown data     01 82 00610000 00300000
I (28) boot: End of partition table
I (29) esp_image: segment 0: paddr=00010020 vaddr=3c110020 size=7838ch (492428) map
I (102) esp_image: segment 1: paddr=000883b4 vaddr=3fcb4400 size=057cch ( 22476) load
I (106) esp_image: segment 2: paddr=0008db88 vaddr=40374000 size=02490h (  9360) load
I (109) esp_image: segment 3: paddr=00090020 vaddr=42000020 size=103358h (1061720) map
I (266) esp_image: segment 4: paddr=00193380 vaddr=40376490 size=2de80h (188032) load
I (302) esp_image: segment 5: paddr=001c1208 vaddr=50000000 size=00020h (    32) load
I (320) boot: Loaded app from partition at offset 0x10000
I (320) boot: Disabling RNG early entropy source...
I (321) octal_psram: vendor id    : 0x0d (AP)
I (321) octal_psram: dev id       : 0x02 (generation 3)
I (321) octal_psram: density      : 0x03 (64 Mbit)
I (322) octal_psram: good-die     : 0x01 (Pass)
I (322) octal_psram: Latency      : 0x01 (Fixed)
I (322) octal_psram: VCC          : 0x01 (3V)
I (322) octal_psram: SRF          : 0x01 (Fast Refresh)
I (322) octal_psram: BurstType    : 0x01 (Hybrid Wrap)
I (323) octal_psram: BurstLen     : 0x01 (32 Byte)
I (323) octal_psram: Readlatency  : 0x02 (10 cycles@Fixed)
I (323) octal_psram: DriveStrength: 0x00 (1/1)
I (323) MSPI Timing: Enter psram timing tuning
I (324) esp_psram: Found 8MB PSRAM device
I (324) esp_psram: Speed: 80MHz
I (354) mmu_psram: Read only data copied and mapped to SPIRAM
I (426) mmu_psram: Instructions copied and mapped to SPIRAM
I (426) cpu_start: Multicore app
I (656) esp_psram: SPI SRAM memory test OK
I (664) cpu_start: Pro cpu start user code
I (664) cpu_start: cpu freq: 240000000 Hz
I (664) app_init: Application information:
I (664) app_init: Project name:     Clare_S3
I (665) app_init: App version:      3e09a44-dirty
I (665) app_init: Compile time:     Aug 29 2026 12:49:13
I (665) app_init: ELF file SHA256:  51d8512b05f2c6a3...
I (665) app_init: ESP-IDF:          v5.5.3
I (665) efuse_init: Min chip rev:     v0.0
I (665) efuse_init: Max chip rev:     v0.99 
I (665) efuse_init: Chip rev:         v0.2
I (666) heap_init: Initializing. RAM available for dynamic allocation:
I (666) heap_init: At 3FCBCE08 len 0002C908 (178 KiB): RAM
I (666) heap_init: At 3FCE9710 len 00005724 (21 KiB): RAM
I (666) heap_init: At 3FCF0000 len 00008000 (32 KiB): DRAM
I (666) heap_init: At 600FE000 len 00001FE8 (7 KiB): RTCRAM
I (666) esp_psram: Adding pool of 6579K of PSRAM memory to heap allocator
I (667) esp_psram: Adding pool of 31K of PSRAM memory gap generated due to end address alignment of drom to the heap allocator
I (667) spi_flash: detected chip: gd
I (667) spi_flash: flash io: qio
I (668) sleep_gpio: Configure to isolate all GPIO pins in sleep state
I (668) sleep_gpio: Enable automatic switching of GPIO sleep configuration
I (669) main_task: Started on CPU0
I (670) esp_psram: Reserving pool of 32K of internal memory for DMA/internal allocations
I (670) main_task: Calling app_main()
I (670) clare_s3: Clare S3 starting
I (677) axp2101: Init PMU SUCCESS!
I (684) DisplayPort: SPI BUS init
I (684) DisplayPort: Install panel IO
I (684) co5300: version: 2.1.0
I (685) co5300_spi: LCD panel create success, version: 2.1.0
W (845) co5300_spi: The 3Ah command has been used and will be overwritten by external initialization sequence
I (2119) CST9217: Checkcode: 0x204ECACA
I (2121) CST9217: Resolution X: 466, Y: 466
I (2123) CST9217: Chip Type: 0x9217, ProjectID: 0x5734
I (2123) esp_lvgl:adapter: LVGL adapter initialized successfully
I (2126) esp_lvgl:touch: Touch input device registered successfully (IRQ mode: enabled)
I (2156) esp_lvgl:adapter: LVGL task started successfully
i2c: {sda: 15, scl: 14}
i2s: {mclk: 16, bclk: 9, ws: 45, din: 10, dout: 8}
out: {codec: ES8311, pa: 46, pa_gain: 6, use_mclk: 1}
Codec 0 dir 2 type:1
in: {codec: ES7210}
Codec 1 dir 1 type:2
I (2157) CODEC_INIT: in:1 out:1 port: 1
I (2158) CODEC_INIT: Success to int i2c: 0
I (2158) CODEC_INIT: Init i2s 0 type: 3 mclk:16 bclk:9 ws:45 din:10 dout:8
I (2158) CODEC_INIT: tx:0x3c18ba14 rx:0x3c18bbd0
W (2158) i2s_tdm: the current mclk multiple is too small, adjust the mclk multiple to 384
I (2159) CODEC_INIT: output init tdm ret 0
W (2159) i2s_tdm: the current mclk multiple is too small, adjust the mclk multiple to 384
I (2160) CODEC_INIT: Input init tdm ret 0
I (2160) CODEC_INIT: Init i2s 0 ok
I (2160) CODEC_INIT: Success to init i2s: 0
I (2160) CODEC_INIT: Success to int i2c: 0
I (2160) CODEC_INIT: Success to init i2s: 0
I (2160) CODEC_INIT: Get out handle 0x3c18ba14 port 0
I (2166) ES8311: Work in Slave mode
I (2172) ES7210: Work in Slave mode
I (2178) ES7210: Enable ES7210_INPUT_MIC1
I (2181) ES7210: Enable ES7210_INPUT_MIC2
I (2184) ES7210: Enable ES7210_INPUT_MIC3
I (2187) ES7210: Enable ES7210_INPUT_MIC4
I (2190) ES7210: Enable TDM mode
I (2197) I2S_IF: channel mode 2 bits:16/16 channel:2 mask:3
I (2198) I2S_IF: TDM Mode 1 bits:16/16 channel:2 sample_rate:16000 mask:3
I (2213) Adev_Codec: Open codec device OK
I (2213) I2S_IF: channel mode 2 bits:16/16 channel:2 mask:3
I (2213) I2S_IF: TDM Mode 0 bits:16/16 channel:2 sample_rate:16000 mask:3
I (2214) ES7210: Bits 8
I (2221) ES7210: Enable ES7210_INPUT_MIC1
I (2224) ES7210: Enable ES7210_INPUT_MIC2
I (2227) ES7210: Enable ES7210_INPUT_MIC3
I (2230) ES7210: Enable ES7210_INPUT_MIC4
I (2233) ES7210: Enable TDM mode
I (2239) ES7210: Unmuted
I (2239) Adev_Codec: Open codec device OK
I (2239) Adev_Codec: Input already open
I (2239) Adev_Codec: Input already open
I (2248) clare_audio: ALC ready: 16000 Hz mono PCM16, gain 6 dB
I (2392) pp: pp rom version: e7ae62f
I (2392) net80211: net80211 rom version: e7ae62f
I (2394) wifi:wifi driver task: 3fcdcf24, prio:23, stack:6656, core=0
I (2398) wifi:wifi firmware version: 4df78f2
I (2398) wifi:wifi certification version: v7.0
I (2398) wifi:config NVS flash: enabled
I (2398) wifi:config nano formatting: disabled
I (2398) wifi:Init data frame dynamic rx buffer num: 32
I (2399) wifi:Init dynamic rx mgmt buffer num: 5
I (2399) wifi:Init management short buffer num: 32
I (2399) wifi:Init static tx buffer num: 16
I (2400) wifi:Init tx cache buffer num: 32
I (2400) wifi:Init static tx FG buffer num: 2
I (2400) wifi:Init static rx buffer size: 1600
I (2400) wifi:Init static rx buffer num: 16
I (2400) wifi:Init dynamic rx buffer num: 32
I (2401) wifi_init: rx ba win: 6
I (2401) wifi_init: accept mbox: 6
I (2401) wifi_init: tcpip mbox: 32
I (2401) wifi_init: udp mbox: 6
I (2401) wifi_init: tcp mbox: 10
I (2401) wifi_init: tcp tx win: 65535
I (2402) wifi_init: tcp rx win: 5760
I (2402) wifi_init: tcp mss: 1440
I (2402) wifi_init: WiFi/LWIP prefer SPIRAM
W (2402) wifi:Password length matches WPA2 standards, authmode threshold changes from OPEN to WPA2
I (2403) phy_init: phy_version 711,97bcf0a2,Aug 25 2025,19:04:10
I (2433) wifi:mode : sta (10:20:ba:3d:34:b8)
I (2434) wifi:enable tsf
I (2436) clare_net: Wi-Fi protocols limited to 11b/g/n mask=0x07
I (2436) wifi:Set ps type: 0, coexist: 0

I (2445) clare_s3: Clare UI ready; touch the Clare tile
I (2446) main_task: Returned from app_main()
W (4841) clare_net: Wi-Fi disconnected reason=201 retry=1
W (7246) clare_net: Wi-Fi disconnected reason=201 retry=2
W (9652) clare_net: Wi-Fi disconnected reason=201 retry=3
I (10445) clare_s3: Boot network self-test begin
E (10445) wifi:sta is connecting, return error
W (12057) clare_net: Wi-Fi disconnected reason=201 retry=1
W (14463) clare_net: Wi-Fi disconnected reason=201 retry=2
W (16868) clare_net: Wi-Fi disconnected reason=201 retry=3
W (19274) clare_net: Wi-Fi disconnected reason=201 retry=4
W (21679) clare_net: Wi-Fi disconnected reason=201 retry=5
W (24084) clare_net: Wi-Fi disconnected reason=201 retry=6
W (25445) clare_s3: Boot network self-test Wi-Fi unavailable
W (26490) clare_net: Wi-Fi disconnected reason=201 retry=7
W (28895) clare_net: Wi-Fi disconnected reason=201 retry=8
W (31300) clare_net: Wi-Fi disconnected reason=201 retry=8
