10000 00600000
I (28) boot:  3 storage          Unknown data     01 82 00610000 00300000
I (28) boot: End of partition table
I (29) esp_image: segment 0: paddr=00010020 vaddr=3c110020 size=75a8ch (481932) map
I (100) esp_image: segment 1: paddr=00085ab4 vaddr=3fcb4400 size=057cch ( 22476) load
I (105) esp_image: segment 2: paddr=0008b288 vaddr=40374000 size=04d90h ( 19856) load
I (109) esp_image: segment 3: paddr=00090020 vaddr=42000020 size=102d20h (1060128) map
I (267) esp_image: segment 4: paddr=00192d48 vaddr=40378d90 size=2b580h (177536) load
I (300) esp_image: segment 5: paddr=001be2d0 vaddr=50000000 size=00020h (    32) load
I (318) boot: Loaded app from partition at offset 0x10000
I (319) boot: Disabling RNG early entropy source...
I (320) octal_psram: vendor id    : 0x0d (AP)
I (320) octal_psram: dev id       : 0x02 (generation 3)
I (320) octal_psram: density      : 0x03 (64 Mbit)
I (320) octal_psram: good-die     : 0x01 (Pass)
I (320) octal_psram: Latency      : 0x01 (Fixed)
I (321) octal_psram: VCC          : 0x01 (3V)
I (321) octal_psram: SRF          : 0x01 (Fast Refresh)
I (321) octal_psram: BurstType    : 0x01 (Hybrid Wrap)
I (321) octal_psram: BurstLen     : 0x01 (32 Byte)
I (321) octal_psram: Readlatency  : 0x02 (10 cycles@Fixed)
I (322) octal_psram: DriveStrength: 0x00 (1/1)
I (322) MSPI Timing: Enter psram timing tuning
I (323) esp_psram: Found 8MB PSRAM device
I (323) esp_psram: Speed: 80MHz
I (352) mmu_psram: Read only data copied and mapped to SPIRAM
I (424) mmu_psram: Instructions copied and mapped to SPIRAM
I (424) cpu_start: Multicore app
I (654) esp_psram: SPI SRAM memory test OK
I (663) cpu_start: Pro cpu start user code
I (663) cpu_start: cpu freq: 240000000 Hz
I (663) app_init: Application information:
I (663) app_init: Project name:     Clare_S3
I (663) app_init: App version:      3e09a44-dirty
I (663) app_init: Compile time:     Aug 29 2026 12:58:24
I (663) app_init: ELF file SHA256:  bdbd9229943c4518...
I (664) app_init: ESP-IDF:          v5.5.3
I (664) efuse_init: Min chip rev:     v0.0
I (664) efuse_init: Max chip rev:     v0.99 
I (664) efuse_init: Chip rev:         v0.2
I (664) heap_init: Initializing. RAM available for dynamic allocation:
I (664) heap_init: At 3FCBCE00 len 0002C910 (178 KiB): RAM
I (665) heap_init: At 3FCE9710 len 00005724 (21 KiB): RAM
I (665) heap_init: At 3FCF0000 len 00008000 (32 KiB): DRAM
I (665) heap_init: At 600FE000 len 00001FE8 (7 KiB): RTCRAM
I (665) esp_psram: Adding pool of 6579K of PSRAM memory to heap allocator
I (665) esp_psram: Adding pool of 41K of PSRAM memory gap generated due to end address alignment of drom to the heap allocator
I (666) spi_flash: detected chip: gd
I (666) spi_flash: flash io: qio
I (666) sleep_gpio: Configure to isolate all GPIO pins in sleep state
I (667) sleep_gpio: Enable automatic switching of GPIO sleep configuration
I (667) main_task: Started on CPU0
I (668) esp_psram: Reserving pool of 32K of internal memory for DMA/internal allocations
I (668) main_task: Calling app_main()
I (668) clare_s3: Clare S3 starting
I (675) axp2101: Init PMU SUCCESS!
I (682) DisplayPort: SPI BUS init
I (682) DisplayPort: Install panel IO
I (682) co5300: version: 2.1.0
I (683) co5300_spi: LCD panel create success, version: 2.1.0
W (843) co5300_spi: The 3Ah command has been used and will be overwritten by external initialization sequence
I (2117) CST9217: Checkcode: 0x204ECACA
I (2119) CST9217: Resolution X: 466, Y: 466
I (2121) CST9217: Chip Type: 0x9217, ProjectID: 0x5734
I (2121) esp_lvgl:adapter: LVGL adapter initialized successfully
I (2124) esp_lvgl:touch: Touch input device registered successfully (IRQ mode: enabled)
I (2154) esp_lvgl:adapter: LVGL task started successfully
i2c: {sda: 15, scl: 14}
i2s: {mclk: 16, bclk: 9, ws: 45, din: 10, dout: 8}
out: {codec: ES8311, pa: 46, pa_gain: 6, use_mclk: 1}
Codec 0 dir 2 type:1
in: {codec: ES7210}
Codec 1 dir 1 type:2
I (2155) CODEC_INIT: in:1 out:1 port: 1
I (2156) CODEC_INIT: Success to int i2c: 0
I (2156) CODEC_INIT: Init i2s 0 type: 3 mclk:16 bclk:9 ws:45 din:10 dout:8
I (2156) CODEC_INIT: tx:0x3c1891dc rx:0x3c189398
W (2156) i2s_tdm: the current mclk multiple is too small, adjust the mclk multiple to 384
I (2157) CODEC_INIT: output init tdm ret 0
W (2157) i2s_tdm: the current mclk multiple is too small, adjust the mclk multiple to 384
I (2158) CODEC_INIT: Input init tdm ret 0
I (2158) CODEC_INIT: Init i2s 0 ok
I (2158) CODEC_INIT: Success to init i2s: 0
I (2158) CODEC_INIT: Success to int i2c: 0
I (2158) CODEC_INIT: Success to init i2s: 0
I (2158) CODEC_INIT: Get out handle 0x3c1891dc port 0
I (2164) ES8311: Work in Slave mode
I (2170) ES7210: Work in Slave mode
I (2176) ES7210: Enable ES7210_INPUT_MIC1
I (2179) ES7210: Enable ES7210_INPUT_MIC2
I (2182) ES7210: Enable ES7210_INPUT_MIC3
I (2185) ES7210: Enable ES7210_INPUT_MIC4
I (2188) ES7210: Enable TDM mode
I (2195) I2S_IF: channel mode 2 bits:16/16 channel:2 mask:3
I (2195) I2S_IF: TDM Mode 1 bits:16/16 channel:2 sample_rate:16000 mask:3
I (2210) Adev_Codec: Open codec device OK
I (2211) I2S_IF: channel mode 2 bits:16/16 channel:2 mask:3
I (2211) I2S_IF: TDM Mode 0 bits:16/16 channel:2 sample_rate:16000 mask:3
I (2212) ES7210: Bits 8
I (2219) ES7210: Enable ES7210_INPUT_MIC1
I (2222) ES7210: Enable ES7210_INPUT_MIC2
I (2225) ES7210: Enable ES7210_INPUT_MIC3
I (2228) ES7210: Enable ES7210_INPUT_MIC4
I (2231) ES7210: Enable TDM mode
I (2237) ES7210: Unmuted
I (2237) Adev_Codec: Open codec device OK
I (2237) Adev_Codec: Input already open
I (2237) Adev_Codec: Input already open
I (2246) clare_audio: ALC ready: 16000 Hz mono PCM16, gain 6 dB
I (2347) pp: pp rom version: e7ae62f
I (2347) net80211: net80211 rom version: e7ae62f
I (2348) wifi:wifi driver task: 3fcdcf24, prio:23, stack:6656, core=0
I (2352) wifi:wifi firmware version: 4df78f2
I (2352) wifi:wifi certification version: v7.0
I (2352) wifi:config NVS flash: enabled
I (2352) wifi:config nano formatting: disabled
I (2352) wifi:Init data frame dynamic rx buffer num: 32
I (2352) wifi:Init dynamic rx mgmt buffer num: 5
I (2353) wifi:Init management short buffer num: 32
I (2353) wifi:Init static tx buffer num: 16
I (2354) wifi:Init tx cache buffer num: 32
I (2354) wifi:Init static tx FG buffer num: 2
I (2354) wifi:Init static rx buffer size: 1600
I (2354) wifi:Init static rx buffer num: 16
I (2354) wifi:Init dynamic rx buffer num: 32
I (2355) wifi_init: rx ba win: 6
I (2355) wifi_init: accept mbox: 6
I (2355) wifi_init: tcpip mbox: 32
I (2355) wifi_init: udp mbox: 6
I (2355) wifi_init: tcp mbox: 10
I (2355) wifi_init: tcp tx win: 65535
I (2356) wifi_init: tcp rx win: 5760
I (2356) wifi_init: tcp mss: 1440
I (2356) wifi_init: WiFi/LWIP prefer SPIRAM
W (2356) wifi:Password length matches WPA2 standards, authmode threshold changes from OPEN to WPA2
I (2357) phy_init: phy_version 711,97bcf0a2,Aug 25 2025,19:04:10
I (2396) wifi:mode : sta (10:20:ba:3d:34:b8)
I (2396) wifi:enable tsf
I (2399) clare_net: Wi-Fi protocols limited to 11b/g/n mask=0x07
I (2399) wifi:Set ps type: 0, coexist: 0

I (2400) clare_s3: Clare UI ready; touch the Clare tile
I (2400) main_task: Returned from app_main()
I (2407) wifi:new:<6,1>, old:<1,0>, ap:<255,255>, sta:<6,1>, prof:1, snd_ch_cfg:0x0
I (2407) wifi:state: init -> auth (0xb0)
I (2413) wifi:state: auth -> assoc (0x0)
I (2420) wifi:state: assoc -> run (0x10)
I (2435) wifi:connected with LDKJ, aid = 2, channel 6, 40U, bssid = 50:fe:39:e6:47:92
I (2435) wifi:security: WPA2-PSK, phy: bgn, rssi: -38
I (2436) wifi:pm start, type: 0

I (2436) wifi:dp: 1, bi: 102400, li: 3, scale listen interval from 307200 us to 307200 us
I (2437) wifi:set rx beacon pti, rx_bcn_pti: 0, bcn_timeout: 25000, mt_pti: 0, mt_time: 10000
I (2445) wifi:<ba-add>idx:0 (ifx:0, 50:fe:39:e6:47:92), tid:0, ssn:0, winSize:64
I (2490) wifi:AP's beacon interval = 102400 us, DTIM period = 1
I (3467) esp_netif_handlers: sta ip: 192.168.31.124, mask: 255.255.255.0, gw: 192.168.31.1
I (3467) clare_net: DHCP DNS main=192.168.31.1
I (7481) wifi:<ba-add>idx:1 (ifx:0, 50:fe:39:e6:47:92), tid:6, ssn:2, winSize:64
I (10400) clare_s3: Boot network self-test begin
I (10400) clare_net: Create session URL ready=1
I (10400) clare_net: HTTP before init free8=6759371 largest8=6553600 free_internal=74551 largest_internal=31744
I (14012) clare_net: HTTP response status=200 bytes=82 truncated=0
I (14013) clare_net: HTTP after cleanup free8=6758531 largest8=6553600
I (14014) clare_s3: Boot network self-test session err=0 (attempt 1/4)
I (14015) clare_net: WS pre-start heap free8=6755339 largest8=6553600
I (14016) websocket_client: Started
I (16464) clare_net: WebSocket connected kind=0
I (16464) clare_s3: Boot network self-test transcribe err=0
I (17567) clare_net: WS pre-start heap free8=6755143 largest8=6553600
I (17568) websocket_client: Started
I (20079) clare_net: WebSocket connected kind=1
I (20079) clare_s3: Ask Clare a question
I (20079) clare_s3: Boot network self-test host err=0
I (21182) clare_net: HTTP before init free8=6758111 largest8=6553600 free_internal=74103 largest_internal=31744
I (23665) clare_net: HTTP response status=200 bytes=255 truncated=1
I (23666) clare_net: HTTP after cleanup free8=6757939 largest8=6553600
I (23667) clare_s3: Boot network self-test complete
