ESP-ROM:esp32s3-20210327
Build:Mar 27 2021
rst:0x15 (USB_UART_CHIP_RESET),boot:0x2b (SPI_FAST_FLASH_BOOT)
Saved PC:0x40396b3e
SPIWP:0xee
mode:DIO, clock div:1
load:0x3fce2820,len:0x16a4
load:0x403c8700,len:0xe80
load:0x403cb700,len:0x3188
entry 0x403c8948
I (24) boot: ESP-IDF v5.5.3 2nd stage bootloader
I (24) boot: compile time Aug 29 2026 07:03:04
I (25) boot: Multicore bootloader
I (25) boot: chip revision: v0.2
I (25) boot: efuse block revision: v1.3
I (25) qio_mode: Enabling default flash chip QIO
I (25) boot.esp32s3: Boot SPI Speed : 80MHz
I (26) boot.esp32s3: SPI Mode       : QIO
I (26) boot.esp32s3: SPI Flash Size : 32MB
I (26) boot: Enabling RNG early entropy source...
I (26) boot: Partition Table:
I (26) boot: ## Label            Usage          Type ST Offset   Length
I (27) boot:  0 nvs              WiFi data        01 02 00009000 00006000
I (27) boot:  1 phy_init         RF data          01 01 0000f000 00001000
I (28) boot:  2 factory          factory app      00 00 00010000 00600000
I (28) boot:  3 storage          Unknown data     01 82 00610000 00300000
I (28) boot: End of partition table
I (29) esp_image: segment 0: paddr=00010020 vaddr=3c110020 size=135d2ch (1269036) map
I (217) esp_image: segment 1: paddr=00145d54 vaddr=3fcb4400 size=057cch ( 22476) load
I (222) esp_image: segment 2: paddr=0014b528 vaddr=40374000 size=04af0h ( 19184) load
I (226) esp_image: segment 3: paddr=00150020 vaddr=42000020 size=102b00h (1059584) map
I (383) esp_image: segment 4: paddr=00252b28 vaddr=40378af0 size=2b820h (178208) load
I (417) esp_image: segment 5: paddr=0027e350 vaddr=50000000 size=00020h (    32) load
I (435) boot: Loaded app from partition at offset 0x10000
I (435) boot: Disabling RNG early entropy source...
I (436) octal_psram: vendor id    : 0x0d (AP)
I (437) octal_psram: dev id       : 0x02 (generation 3)
I (437) octal_psram: density      : 0x03 (64 Mbit)
I (437) octal_psram: good-die     : 0x01 (Pass)
I (437) octal_psram: Latency      : 0x01 (Fixed)
I (437) octal_psram: VCC          : 0x01 (3V)
I (438) octal_psram: SRF          : 0x01 (Fast Refresh)
I (438) octal_psram: BurstType    : 0x01 (Hybrid Wrap)
I (438) octal_psram: BurstLen     : 0x01 (32 Byte)
I (438) octal_psram: Readlatency  : 0x02 (10 cycles@Fixed)
I (439) octal_psram: DriveStrength: 0x00 (1/1)
I (439) MSPI Timing: Enter psram timing tuning
I (440) esp_psram: Found 8MB PSRAM device
I (440) esp_psram: Speed: 80MHz
I (513) mmu_psram: Read only data copied and mapped to SPIRAM
I (585) mmu_psram: Instructions copied and mapped to SPIRAM
I (585) cpu_start: Multicore app
I (788) esp_psram: SPI SRAM memory test OK
I (797) cpu_start: Pro cpu start user code
I (797) cpu_start: cpu freq: 240000000 Hz
I (797) app_init: Application information:
I (797) app_init: Project name:     Clare_S3
I (797) app_init: App version:      5a9c374-dirty
I (797) app_init: Compile time:     Aug 29 2026 22:56:46
I (797) app_init: ELF file SHA256:  83f66aefa31c5aba...
I (797) app_init: ESP-IDF:          v5.5.3
I (798) efuse_init: Min chip rev:     v0.0
I (798) efuse_init: Max chip rev:     v0.99 
I (798) efuse_init: Chip rev:         v0.2
I (798) heap_init: Initializing. RAM available for dynamic allocation:
I (798) heap_init: At 3FCBD310 len 0002C400 (177 KiB): RAM
I (798) heap_init: At 3FCE9710 len 00005724 (21 KiB): RAM
I (799) heap_init: At 3FCF0000 len 00008000 (32 KiB): DRAM
I (799) heap_init: At 600FE000 len 00001FE8 (7 KiB): RTCRAM
I (799) esp_psram: Adding pool of 5801K of PSRAM memory to heap allocator
I (799) esp_psram: Adding pool of 40K of PSRAM memory gap generated due to end address alignment of drom to the heap allocator
I (800) spi_flash: detected chip: gd
I (800) spi_flash: flash io: qio
I (800) sleep_gpio: Configure to isolate all GPIO pins in sleep state
I (800) sleep_gpio: Enable automatic switching of GPIO sleep configuration
I (801) main_task: Started on CPU0
I (802) esp_psram: Reserving pool of 32K of internal memory for DMA/internal allocations
I (802) main_task: Calling app_main()
I (802) clare_s3: Clare S3 starting
I (809) axp2101: Init PMU SUCCESS!
I (816) DisplayPort: SPI BUS init
I (816) DisplayPort: Install panel IO
I (816) co5300: version: 2.1.0
I (817) co5300_spi: LCD panel create success, version: 2.1.0
W (977) co5300_spi: The 3Ah command has been used and will be overwritten by external initialization sequence
I (2251) CST9217: Checkcode: 0x204ECACA
I (2253) CST9217: Resolution X: 466, Y: 466
I (2255) CST9217: Chip Type: 0x9217, ProjectID: 0x5734
I (2255) esp_lvgl:adapter: LVGL adapter initialized successfully
I (2258) esp_lvgl:touch: Touch input device registered successfully (IRQ mode: enabled)
I (2288) esp_lvgl:adapter: LVGL task started successfully
i2c: {sda: 15, scl: 14}
i2s: {mclk: 16, bclk: 9, ws: 45, din: 10, dout: 8}
out: {codec: ES8311, pa: 46, pa_gain: 6, use_mclk: 1}
Codec 0 dir 2 type:1
in: {codec: ES7210}
Codec 1 dir 1 type:2
I (2290) CODEC_INIT: in:1 out:1 port: 1
I (2290) CODEC_INIT: Success to int i2c: 0
I (2290) CODEC_INIT: Init i2s 0 type: 3 mclk:16 bclk:9 ws:45 din:10 dout:8
I (2290) CODEC_INIT: tx:0x3c2493f8 rx:0x3c2495b4
W (2290) i2s_tdm: the current mclk multiple is too small, adjust the mclk multiple to 384
I (2291) CODEC_INIT: output init tdm ret 0
W (2291) i2s_tdm: the current mclk multiple is too small, adjust the mclk multiple to 384
I (2292) CODEC_INIT: Input init tdm ret 0
I (2292) CODEC_INIT: Init i2s 0 ok
I (2292) CODEC_INIT: Success to init i2s: 0
I (2292) CODEC_INIT: Success to int i2c: 0
I (2292) CODEC_INIT: Success to init i2s: 0
I (2292) CODEC_INIT: Get out handle 0x3c2493f8 port 0
I (2298) ES8311: Work in Slave mode
I (2304) ES7210: Work in Slave mode
I (2310) ES7210: Enable ES7210_INPUT_MIC1
I (2313) ES7210: Enable ES7210_INPUT_MIC2
I (2316) ES7210: Enable ES7210_INPUT_MIC3
I (2319) ES7210: Enable ES7210_INPUT_MIC4
I (2322) ES7210: Enable TDM mode
I (2329) I2S_IF: channel mode 2 bits:16/16 channel:2 mask:3
I (2330) I2S_IF: TDM Mode 1 bits:16/16 channel:2 sample_rate:16000 mask:3
I (2345) Adev_Codec: Open codec device OK
I (2345) I2S_IF: channel mode 2 bits:16/16 channel:2 mask:3
I (2345) I2S_IF: TDM Mode 0 bits:16/16 channel:2 sample_rate:16000 mask:3
I (2346) ES7210: Bits 8
I (2353) ES7210: Enable ES7210_INPUT_MIC1
I (2356) ES7210: Enable ES7210_INPUT_MIC2
I (2359) ES7210: Enable ES7210_INPUT_MIC3
I (2362) ES7210: Enable ES7210_INPUT_MIC4
I (2365) ES7210: Enable TDM mode
I (2371) ES7210: Unmuted
I (2371) Adev_Codec: Open codec device OK
I (2371) Adev_Codec: Input already open
I (2371) Adev_Codec: Input already open
I (2375) Adev_Codec: Input already open
I (2375) Adev_Codec: Input already open
I (2375) clare_audio: ready: 16000 Hz, 16-bit, 2 codec channels, mono network PCM
I (2380) clare_audio: ALC ready: 16000 Hz mono PCM16, gain 6 dB
I (2480) pp: pp rom version: e7ae62f
I (2480) net80211: net80211 rom version: e7ae62f
I (2481) wifi:wifi driver task: 3fce34e4, prio:23, stack:6656, core=0
I (2485) wifi:wifi firmware version: 4df78f2
I (2485) wifi:wifi certification version: v7.0
I (2485) wifi:config NVS flash: enabled
I (2485) wifi:config nano formatting: disabled
I (2485) wifi:Init data frame dynamic rx buffer num: 32
I (2485) wifi:Init dynamic rx mgmt buffer num: 5
I (2486) wifi:Init management short buffer num: 32
I (2486) wifi:Init static tx buffer num: 16
I (2487) wifi:Init tx cache buffer num: 32
I (2487) wifi:Init static tx FG buffer num: 2
I (2487) wifi:Init static rx buffer size: 1600
I (2487) wifi:Init static rx buffer num: 16
I (2487) wifi:Init dynamic rx buffer num: 32
I (2488) wifi_init: rx ba win: 6
I (2488) wifi_init: accept mbox: 6
I (2488) wifi_init: tcpip mbox: 32
I (2488) wifi_init: udp mbox: 6
I (2488) wifi_init: tcp mbox: 10
I (2488) wifi_init: tcp tx win: 65535
I (2489) wifi_init: tcp rx win: 5760
I (2489) wifi_init: tcp mss: 1440
I (2489) wifi_init: WiFi/LWIP prefer SPIRAM
W (2489) wifi:Password length matches WPA2 standards, authmode threshold changes from OPEN to WPA2
I (2490) phy_init: phy_version 711,97bcf0a2,Aug 25 2025,19:04:10
I (2519) wifi:mode : sta (10:20:ba:3d:34:b8)
I (2519) wifi:enable tsf
I (2522) clare_net: Wi-Fi protocols limited to 11b/g/n mask=0x07
I (2522) wifi:Set ps type: 0, coexist: 0

I (2522) clare_s3: Clare UI ready; touch the Clare tile
I (2523) ESP_ES_PARSER: The version of es_parser is v1.0.1
I (2526) wifi:new:<11,0>, old:<1,0>, ap:<255,255>, sta:<11,0>, prof:1, snd_ch_cfg:0x0
I (2527) wifi:state: init -> auth (0xb0)
I (2528) clare_s3: Boot chime playback err=0
I (2528) main_task: Returned from app_main()
I (2543) clare_audio: tts playback task started
I (2571) wifi:state: auth -> assoc (0x0)
E (2575) wifi:Set status to INIT
I (2575) wifi:state: assoc -> init (0x110)
I (2576) wifi:new:<11,0>, old:<11,0>, ap:<255,255>, sta:<11,0>, prof:1, snd_ch_cfg:0x0
W (2577) clare_net: Wi-Fi disconnected reason=203 retry=1
I (2598) wifi:new:<11,0>, old:<11,0>, ap:<255,255>, sta:<11,0>, prof:1, snd_ch_cfg:0x0
I (2599) wifi:state: init -> auth (0xb0)
I (2607) wifi:state: auth -> assoc (0x0)
E (2620) wifi:Set status to INIT
I (2620) wifi:state: assoc -> init (0x110)
I (2622) wifi:new:<11,0>, old:<11,0>, ap:<255,255>, sta:<11,0>, prof:1, snd_ch_cfg:0x0
W (2623) clare_net: Wi-Fi disconnected reason=203 retry=2
I (2648) wifi:new:<11,0>, old:<11,0>, ap:<255,255>, sta:<11,0>, prof:1, snd_ch_cfg:0x0
I (2648) wifi:state: init -> auth (0xb0)
I (3650) wifi:state: auth -> init (0x200)
I (3652) wifi:new:<11,0>, old:<11,0>, ap:<255,255>, sta:<11,0>, prof:1, snd_ch_cfg:0x0
W (3653) clare_net: Wi-Fi disconnected reason=2 retry=3
I (3873) wifi:new:<1,0>, old:<11,0>, ap:<255,255>, sta:<1,0>, prof:1, snd_ch_cfg:0x0
I (3874) wifi:state: init -> auth (0xb0)
I (4875) wifi:state: auth -> init (0x200)
I (4877) wifi:new:<1,0>, old:<1,0>, ap:<255,255>, sta:<1,0>, prof:1, snd_ch_cfg:0x0
W (4878) clare_net: Wi-Fi disconnected reason=2 retry=4
I (5810) clare_audio: tts playback task done
W (7284) clare_net: Wi-Fi disconnected reason=205 retry=5
I (7299) wifi:new:<11,0>, old:<1,0>, ap:<255,255>, sta:<11,0>, prof:1, snd_ch_cfg:0x0
I (7299) wifi:state: init -> auth (0xb0)
I (7314) wifi:state: auth -> assoc (0x0)
I (7323) wifi:state: assoc -> run (0x10)
I (7388) wifi:connected with ZKY-GYLWLAP, aid = 3, channel 11, BW20, bssid = 02:55:b1:c6:fa:2e
I (7389) wifi:security: WPA2-PSK, phy: bgn, rssi: -73
I (7390) wifi:pm start, type: 0

I (7390) wifi:dp: 1, bi: 102400, li: 3, scale listen interval from 307200 us to 307200 us
I (7390) wifi:set rx beacon pti, rx_bcn_pti: 0, bcn_timeout: 25000, mt_pti: 0, mt_time: 10000
I (7400) wifi:dp: 2, bi: 102400, li: 4, scale listen interval from 307200 us to 409600 us
I (7401) wifi:AP's beacon interval = 102400 us, DTIM period = 2
I (7402) wifi:<ba-add>idx:0 (ifx:0, 02:55:b1:c6:fa:2e), tid:0, ssn:0, winSize:64
I (8437) esp_netif_handlers: sta ip: 192.168.239.171, mask: 255.255.240.0, gw: 192.168.235.1
I (8437) clare_net: DHCP DNS main=223.5.5.5
I (10522) clare_s3: Boot network self-test begin
I (10522) clare_net: Create session URL ready=1
I (10522) clare_net: HTTP before init free8=5837231 largest8=5767168 free_internal=48407 largest_internal=30720
I (10771) wifi:<ba-add>idx:1 (ifx:0, 02:55:b1:c6:fa:2e), tid:6, ssn:2, winSize:64
I (14741) clare_net: HTTP response status=200 bytes=82 truncated=0
I (14743) clare_net: HTTP after cleanup free8=5836327 largest8=5767168
I (14744) clare_s3: Boot network self-test session err=0 (attempt 1/4)
I (14745) clare_net: WS pre-start heap free8=5802447 largest8=5636096
I (14746) websocket_client: Started
I (17242) clare_net: WebSocket connected kind=0
I (17243) clare_s3: Boot network self-test transcribe err=0
I (18345) clare_net: WS pre-start heap free8=5802239 largest8=5636096
I (18346) websocket_client: Started
I (21003) clare_net: WebSocket connected kind=1
I (21003) clare_s3: Ask Clare a question
I (21004) clare_s3: Boot network self-test host err=0
I (22106) clare_net: HTTP before init free8=5835907 largest8=5636096 free_internal=47963 largest_internal=30720
I (25295) clare_net: HTTP response status=200 bytes=255 truncated=1
I (25297) clare_net: HTTP after cleanup free8=5835735 largest8=5636096
I (25298) clare_s3: Boot network self-test complete
