ESP-ROM:esp32s3-20210327
Build:Mar 27 2021
rst:0x15 (USB_UART_CHIP_RESET),boot:0x2b (SPI_FAST_FLASH_BOOT)
Saved PC:0x40396b3e
SPIWP:0xee
mode:DIO, clock div:1
load:0x3fce2820,len:0x16a4
load:0x403c8700,len:0xe80
load:0x403cb700,len:0x3188
entry 0x403c8948
I (24) boot: ESP-IDF v5.5.3 2nd stage bootloader
I (24) boot: compile time Aug 29 2026 07:03:04
I (25) boot: Multicore bootloader
I (25) boot: chip revision: v0.2
I (25) boot: efuse block revision: v1.3
I (25) qio_mode: Enabling default flash chip QIO
I (26) boot.esp32s3: Boot SPI Speed : 80MHz
I (26) boot.esp32s3: SPI Mode       : QIO
I (26) boot.esp32s3: SPI Flash Size : 32MB
I (26) boot: Enabling RNG early entropy source...
I (26) boot: Partition Table:
I (26) boot: ## Label            Usage          Type ST Offset   Length
I (27) boot:  0 nvs              WiFi data        01 02 00009000 00006000
I (27) boot:  1 phy_init         RF data          01 01 0000f000 00001000
I (28) boot:  2 factory          factory app      00 00 00010000 00600000
I (28) boot:  3 storage          Unknown data     01 82 00610000 00300000
I (28) boot: End of partition table
I (29) esp_image: segment 0: paddr=00010020 vaddr=3c110020 size=135e8ch (1269388) map
I (217) esp_image: segment 1: paddr=00145eb4 vaddr=3fcb4400 size=057cch ( 22476) load
I (222) esp_image: segment 2: paddr=0014b688 vaddr=40374000 size=04990h ( 18832) load
I (226) esp_image: segment 3: paddr=00150020 vaddr=42000020 size=102b94h (1059732) map
I (383) esp_image: segment 4: paddr=00252bbc vaddr=40378990 size=2b980h (178560) load
I (417) esp_image: segment 5: paddr=0027e544 vaddr=50000000 size=00020h (    32) load
I (435) boot: Loaded app from partition at offset 0x10000
I (435) boot: Disabling RNG early entropy source...
I (436) octal_psram: vendor id    : 0x0d (AP)
I (437) octal_psram: dev id       : 0x02 (generation 3)
I (437) octal_psram: density      : 0x03 (64 Mbit)
I (437) octal_psram: good-die     : 0x01 (Pass)
I (437) octal_psram: Latency      : 0x01 (Fixed)
I (437) octal_psram: VCC          : 0x01 (3V)
I (438) octal_psram: SRF          : 0x01 (Fast Refresh)
I (438) octal_psram: BurstType    : 0x01 (Hybrid Wrap)
I (438) octal_psram: BurstLen     : 0x01 (32 Byte)
I (438) octal_psram: Readlatency  : 0x02 (10 cycles@Fixed)
I (438) octal_psram: DriveStrength: 0x00 (1/1)
I (439) MSPI Timing: Enter psram timing tuning
I (440) esp_psram: Found 8MB PSRAM device
I (440) esp_psram: Speed: 80MHz
I (513) mmu_psram: Read only data copied and mapped to SPIRAM
I (585) mmu_psram: Instructions copied and mapped to SPIRAM
I (585) cpu_start: Multicore app
I (788) esp_psram: SPI SRAM memory test OK
I (796) cpu_start: Pro cpu start user code
I (796) cpu_start: cpu freq: 240000000 Hz
I (797) app_init: Application information:
I (797) app_init: Project name:     Clare_S3
I (797) app_init: App version:      40183d2-dirty
I (797) app_init: Compile time:     Aug 29 2026 19:11:52
I (797) app_init: ELF file SHA256:  163f5b72f5788cea...
I (797) app_init: ESP-IDF:          v5.5.3
I (797) efuse_init: Min chip rev:     v0.0
I (798) efuse_init: Max chip rev:     v0.99 
I (798) efuse_init: Chip rev:         v0.2
I (798) heap_init: Initializing. RAM available for dynamic allocation:
I (798) heap_init: At 3FCBD310 len 0002C400 (177 KiB): RAM
I (798) heap_init: At 3FCE9710 len 00005724 (21 KiB): RAM
I (798) heap_init: At 3FCF0000 len 00008000 (32 KiB): DRAM
I (799) heap_init: At 600FE000 len 00001FE8 (7 KiB): RTCRAM
I (799) esp_psram: Adding pool of 5801K of PSRAM memory to heap allocator
I (799) esp_psram: Adding pool of 40K of PSRAM memory gap generated due to end address alignment of drom to the heap allocator
I (800) spi_flash: detected chip: gd
I (800) spi_flash: flash io: qio
I (800) sleep_gpio: Configure to isolate all GPIO pins in sleep state
I (800) sleep_gpio: Enable automatic switching of GPIO sleep configuration
I (801) main_task: Started on CPU0
I (802) esp_psram: Reserving pool of 32K of internal memory for DMA/internal allocations
I (802) main_task: Calling app_main()
I (802) clare_s3: Clare S3 starting
I (809) axp2101: Init PMU SUCCESS!
I (816) DisplayPort: SPI BUS init
I (816) DisplayPort: Install panel IO
I (816) co5300: version: 2.1.0
I (817) co5300_spi: LCD panel create success, version: 2.1.0
W (977) co5300_spi: The 3Ah command has been used and will be overwritten by external initialization sequence
I (2251) CST9217: Checkcode: 0x204ECACA
I (2253) CST9217: Resolution X: 466, Y: 466
I (2255) CST9217: Chip Type: 0x9217, ProjectID: 0x5734
I (2255) esp_lvgl:adapter: LVGL adapter initialized successfully
I (2258) esp_lvgl:touch: Touch input device registered successfully (IRQ mode: enabled)
I (2288) esp_lvgl:adapter: LVGL task started successfully
i2c: {sda: 15, scl: 14}
i2s: {mclk: 16, bclk: 9, ws: 45, din: 10, dout: 8}
out: {codec: ES8311, pa: 46, pa_gain: 6, use_mclk: 1}
Codec 0 dir 2 type:1
in: {codec: ES7210}
Codec 1 dir 1 type:2
I (2290) CODEC_INIT: in:1 out:1 port: 1
I (2290) CODEC_INIT: Success to int i2c: 0
I (2290) CODEC_INIT: Init i2s 0 type: 3 mclk:16 bclk:9 ws:45 din:10 dout:8
I (2290) CODEC_INIT: tx:0x3c2495dc rx:0x3c249798
W (2290) i2s_tdm: the current mclk multiple is too small, adjust the mclk multiple to 384
I (2291) CODEC_INIT: output init tdm ret 0
W (2291) i2s_tdm: the current mclk multiple is too small, adjust the mclk multiple to 384
I (2292) CODEC_INIT: Input init tdm ret 0
I (2292) CODEC_INIT: Init i2s 0 ok
I (2292) CODEC_INIT: Success to init i2s: 0
I (2292) CODEC_INIT: Success to int i2c: 0
I (2292) CODEC_INIT: Success to init i2s: 0
I (2292) CODEC_INIT: Get out handle 0x3c2495dc port 0
I (2298) ES8311: Work in Slave mode
I (2304) ES7210: Work in Slave mode
I (2310) ES7210: Enable ES7210_INPUT_MIC1
I (2313) ES7210: Enable ES7210_INPUT_MIC2
I (2316) ES7210: Enable ES7210_INPUT_MIC3
I (2319) ES7210: Enable ES7210_INPUT_MIC4
I (2322) ES7210: Enable TDM mode
I (2329) I2S_IF: channel mode 2 bits:16/16 channel:2 mask:3
I (2330) I2S_IF: TDM Mode 1 bits:16/16 channel:2 sample_rate:16000 mask:3
I (2345) Adev_Codec: Open codec device OK
I (2345) I2S_IF: channel mode 2 bits:16/16 channel:2 mask:3
I (2345) I2S_IF: TDM Mode 0 bits:16/16 channel:2 sample_rate:16000 mask:3
I (2346) ES7210: Bits 8
I (2353) ES7210: Enable ES7210_INPUT_MIC1
I (2356) ES7210: Enable ES7210_INPUT_MIC2
I (2359) ES7210: Enable ES7210_INPUT_MIC3
I (2362) ES7210: Enable ES7210_INPUT_MIC4
I (2365) ES7210: Enable TDM mode
I (2371) ES7210: Unmuted
I (2371) Adev_Codec: Open codec device OK
I (2371) Adev_Codec: Input already open
I (2371) Adev_Codec: Input already open
I (2375) Adev_Codec: Input already open
I (2375) Adev_Codec: Input already open
I (2375) clare_audio: ready: 16000 Hz, 16-bit, 2 codec channels, mono network PCM
I (2380) clare_audio: ALC ready: 16000 Hz mono PCM16, gain 6 dB
I (2480) pp: pp rom version: e7ae62f
I (2480) net80211: net80211 rom version: e7ae62f
I (2482) wifi:wifi driver task: 3fce34e4, prio:23, stack:6656, core=0
I (2486) wifi:wifi firmware version: 4df78f2
I (2486) wifi:wifi certification version: v7.0
I (2486) wifi:config NVS flash: enabled
I (2486) wifi:config nano formatting: disabled
I (2486) wifi:Init data frame dynamic rx buffer num: 32
I (2486) wifi:Init dynamic rx mgmt buffer num: 5
I (2487) wifi:Init management short buffer num: 32
I (2487) wifi:Init static tx buffer num: 16
I (2488) wifi:Init tx cache buffer num: 32
I (2488) wifi:Init static tx FG buffer num: 2
I (2488) wifi:Init static rx buffer size: 1600
I (2488) wifi:Init static rx buffer num: 16
I (2488) wifi:Init dynamic rx buffer num: 32
I (2489) wifi_init: rx ba win: 6
I (2489) wifi_init: accept mbox: 6
I (2489) wifi_init: tcpip mbox: 32
I (2489) wifi_init: udp mbox: 6
I (2489) wifi_init: tcp mbox: 10
I (2490) wifi_init: tcp tx win: 65535
I (2490) wifi_init: tcp rx win: 5760
I (2490) wifi_init: tcp mss: 1440
I (2490) wifi_init: WiFi/LWIP prefer SPIRAM
W (2490) wifi:Password length matches WPA2 standards, authmode threshold changes from OPEN to WPA2
I (2491) phy_init: phy_version 711,97bcf0a2,Aug 25 2025,19:04:10
I (2520) wifi:mode : sta (10:20:ba:3d:34:b8)
I (2521) wifi:enable tsf
I (2523) clare_net: Wi-Fi protocols limited to 11b/g/n mask=0x07
I (2523) wifi:Set ps type: 0, coexist: 0

I (2527) clare_s3: Clare UI ready; touch the Clare tile
I (2527) ESP_ES_PARSER: The version of es_parser is v1.0.1
I (2529) clare_s3: Boot chime playback err=0
I (2529) main_task: Returned from app_main()
I (2530) wifi:new:<6,1>, old:<1,0>, ap:<255,255>, sta:<6,1>, prof:1, snd_ch_cfg:0x0
I (2531) wifi:state: init -> auth (0xb0)
I (2540) wifi:state: auth -> assoc (0x0)
I (2547) wifi:state: assoc -> run (0x10)
I (2548) clare_audio: tts playback task started
I (2562) wifi:connected with LDKJ, aid = 2, channel 6, 40U, bssid = 50:fe:39:e6:47:92
I (2562) wifi:security: WPA2-PSK, phy: bgn, rssi: -46
I (2563) wifi:pm start, type: 0

I (2563) wifi:dp: 1, bi: 102400, li: 3, scale listen interval from 307200 us to 307200 us
I (2564) wifi:set rx beacon pti, rx_bcn_pti: 0, bcn_timeout: 25000, mt_pti: 0, mt_time: 10000
I (2571) wifi:<ba-add>idx:0 (ifx:0, 50:fe:39:e6:47:92), tid:0, ssn:0, winSize:64
I (2596) wifi:AP's beacon interval = 102400 us, DTIM period = 1
I (3599) esp_netif_handlers: sta ip: 192.168.31.124, mask: 255.255.255.0, gw: 192.168.31.1
I (3599) clare_net: DHCP DNS main=192.168.31.1
I (5810) clare_audio: tts playback task done
I (7630) wifi:<ba-add>idx:1 (ifx:0, 50:fe:39:e6:47:92), tid:6, ssn:2, winSize:64
I (10527) clare_s3: Boot network self-test begin
I (10527) clare_net: Create session URL ready=1
I (10527) clare_net: HTTP before init free8=5836703 largest8=5636096 free_internal=48407 largest_internal=30720
I (13290) clare_net: HTTP response status=200 bytes=82 truncated=0
I (13292) clare_net: HTTP after cleanup free8=5835867 largest8=5636096
I (13293) clare_s3: Boot network self-test session err=0 (attempt 1/4)
I (13294) clare_net: WS pre-start heap free8=5801971 largest8=5636096
I (13295) websocket_client: Started
I (15577) clare_net: WebSocket connected kind=0
I (15577) clare_s3: Boot network self-test transcribe err=0
I (16680) clare_net: WS pre-start heap free8=5801763 largest8=5636096
I (16681) websocket_client: Started
I (19192) clare_net: WebSocket connected kind=1
I (19192) clare_s3: Ask Clare a question
I (19192) clare_s3: Boot network self-test host err=0
I (20295) clare_net: HTTP before init free8=5835443 largest8=5636096 free_internal=47963 largest_internal=30720
I (26804) clare_net: HTTP response status=200 bytes=255 truncated=1
I (26806) clare_net: HTTP after cleanup free8=5835271 largest8=5636096
I (26807) clare_s3: Boot network self-test complete
I (26807) clare_s3: Ask E2E: create session + transcribe
I (26807) clare_net: Create session URL ready=1
I (26807) clare_net: HTTP before init free8=5835247 largest8=5636096 free_internal=47963 largest_internal=30720
I (33158) clare_net: HTTP response status=200 bytes=82 truncated=0
I (33160) clare_net: HTTP after cleanup free8=5835075 largest8=5636096
I (33162) clare_net: WS pre-start heap free8=5801247 largest8=5636096
I (33163) websocket_client: Started
I (35767) clare_net: WebSocket connected kind=0
I (35767) clare_s3: Listening - recording only
I (35768) clare_s3: Audio stream started
I (40767) clare_s3: Ask E2E[round1]: host connect (403 gate)
I (40767) clare_net: WS pre-start heap free8=5703867 largest8=5636096
I (40769) websocket_client: Started
W (40852) clare_s3: Audio stream send failed err=259
W (48177) esp-tls: Failed to open new connection in specified timeout
E (48177) transport_base: Failed to open a new connection
E (48179) transport_ws: Error connecting to host clare.vinex.top:443
E (48179) websocket_client: esp_transport_connect() failed with -1, transport_error=ESP_ERR_ESP_TLS_CONNECTION_TIMEOUT, tls_error_code=0, tls_flags=0, esp_ws_handshake_status_code=0, errno=11
W (48180) clare_net: WS ERR heap free8=5701635 largest8=5636096
W (48180) clare_net: WS ERR detail kind=1 stack_err=0x3fcf52b0 flags=0x3fcf5290 type=0 errno=1007804736
W (48181) clare_net: WebSocket error kind=1 err=1007805168 status=0
W (48181) clare_net: WebSocket connect timeout kind=1 bits=0x2
I (48181) clare_s3: Network error - check Wi-Fi/API
I (48181) clare_net: WebSocket disconnected kind=1 event=2 close=0 type=1 errno=0
W (48282) clare_s3: Ask E2E[round1]: host connect failed
I (48282) clare_s3: Ask E2E: meeting feed resumed between rounds
E (49514) transport_ws: Error transport_poll_write(0)
E (49514) websocket_client: esp_transport_write() returned 0, transport_error=ESP_OK, tls_error_code=0, tls_flags=0, errno=0
W (49514) clare_net: WS ERR heap free8=5710763 largest8=5636096
W (49515) clare_net: WS ERR detail kind=0 stack_err=0x3fcc1850 flags=0x3fcc1830 type=0 errno=1007804736
W (49515) clare_net: WebSocket error kind=0 err=2 status=0
I (49515) clare_s3: Network error - check Wi-Fi/API
I (49517) clare_net: WebSocket disconnected kind=0 event=2 close=0 type=1 errno=0
I (52282) clare_s3: Ask E2E[round2]: host connect (403 gate)
I (52282) clare_net: WS pre-start heap free8=5745555 largest8=5636096
I (52284) websocket_client: Started
I (55221) clare_net: WebSocket connected kind=1
I (55221) clare_s3: Ask Clare a question
I (55221) clare_s3: Ask E2E[round2]: recording 8000 ms - play the question NOW
I (63226) clare_s3: Ask E2E[round2]: end_of_speech sent, waiting 18000 ms
I (64132) clare_net: recv kind=1 type=transcription len=102
I (64137) clare_s3: Question received
I (67667) clare_net: recv kind=1 type=answer_text len=45
I (67668) clare_net: recv kind=1 type=answer_text len=51
I (67716) clare_net: recv kind=1 type=answer_text len=60
I (67737) clare_net: recv kind=1 type=answer_text len=54
I (67780) clare_net: recv kind=1 type=answer_text len=54
I (67845) clare_net: recv kind=1 type=answer_text len=72
I (67889) clare_net: recv kind=1 type=answer_text len=72
I (67942) clare_net: recv kind=1 type=answer_text len=66
I (68022) clare_net: recv kind=1 type=answer_text len=69
I (68066) clare_net: recv kind=1 type=answer_text len=75
I (68121) clare_net: recv kind=1 type=answer_text len=60
I (68531) clare_net: recv kind=1 type=answer_text len=45
I (68536) clare_net: recv kind=1 type=answer_text len=44
I (68542) ESP_ES_PARSER: The version of es_parser is v1.0.1
I (68543) clare_net: tts stream begin expected=7517
I (68749) clare_net: tts stream end
I (68764) clare_audio: tts playback task started
I (69395) clare_audio: tts playback task done
I (69679) ESP_ES_PARSER: The version of es_parser is v1.0.1
I (69680) clare_net: tts stream begin expected=8481
I (70083) clare_net: tts stream end
I (70100) clare_audio: tts playback task started
I (70820) clare_audio: tts playback task done
I (71012) ESP_ES_PARSER: The version of es_parser is v1.0.1
I (71012) clare_net: tts stream begin expected=6177
I (71034) clare_net: tts stream end
I (71052) clare_audio: tts playback task started
I (71555) clare_audio: tts playback task done
I (71577) ESP_ES_PARSER: The version of es_parser is v1.0.1
I (71577) clare_net: tts stream begin expected=7005
I (71793) clare_net: tts stream end
I (71798) clare_audio: tts playback task started
I (72350) clare_audio: tts playback task done
I (72842) ESP_ES_PARSER: The version of es_parser is v1.0.1
I (72843) clare_net: tts stream begin expected=8481
I (72873) clare_net: tts stream end
I (72883) clare_audio: tts playback task started
I (73595) clare_audio: tts playback task done
I (74596) ESP_ES_PARSER: The version of es_parser is v1.0.1
I (74596) clare_net: tts stream begin expected=8737
I (74628) clare_net: tts stream end
I (74636) clare_audio: tts playback task started
I (75380) clare_audio: tts playback task done
I (76387) ESP_ES_PARSER: The version of es_parser is v1.0.1
I (76387) clare_net: tts stream begin expected=8481
I (76418) clare_net: tts stream end
I (76427) clare_audio: tts playback task started
I (77150) clare_audio: tts playback task done
I (77706) ESP_ES_PARSER: The version of es_parser is v1.0.1
I (77706) clare_net: tts stream begin expected=8737
I (77738) clare_net: tts stream end
I (77746) clare_audio: tts playback task started
I (78485) clare_audio: tts playback task done
I (78502) ESP_ES_PARSER: The version of es_parser is v1.0.1
I (78502) clare_net: tts stream begin expected=8481
I (79017) clare_net: tts stream end
I (79022) clare_audio: tts playback task started
I (79745) clare_audio: tts playback task done
I (79760) ESP_ES_PARSER: The version of es_parser is v1.0.1
I (79761) clare_net: tts stream begin expected=7457
I (80262) clare_net: tts stream end
I (80281) clare_audio: tts playback task started
I (80900) clare_audio: tts playback task done
I (80902) ESP_ES_PARSER: The version of es_parser is v1.0.1
I (80902) clare_net: tts stream begin expected=5153
I (81517) clare_net: tts stream end
I (81522) clare_audio: tts playback task started
I (81920) clare_audio: tts playback task done
I (82038) clare_s3: Ask E2E[round2]: round done
W (82068) websocket_client: Client was not started
I (82168) clare_net: HTTP before init free8=5826567 largest8=5636096 free_internal=47963 largest_internal=30720
I (87190) clare_net: HTTP response status=200 bytes=1626 truncated=0
I (87192) clare_net: HTTP after cleanup free8=5826299 largest8=5636096
I (87193) clare_s3: Ask E2E: understanding err=0
I (87195) clare_s3: Ask E2E: summary formatted ok
I (87195) clare_net: HTTP before init free8=5834499 largest8=5636096 free_internal=47963 largest_internal=30720
I (90285) clare_net: HTTP response status=200 bytes=255 truncated=1
I (90287) clare_net: HTTP after cleanup free8=5834327 largest8=5636096
I (90287) clare_s3: Ask E2E: complete
I (90288) clare_s3: Start a meeting first
