I (241056) clare_net: WebSocket connected kind=0
I (241057) clare_s3: Listening - recording only
I (241057) clare_s3: Listening - recording only
I (241076) clare_s3: Audio stream started
I (246886) clare_net: recv kind=0 type=transcript len=85
I (246888) clare_net: recv kind=0 type=transcript len=85
I (246959) clare_net: recv kind=0 type=transcript len=85
I (247598) clare_net: recv kind=0 type=transcript len=85
I (247600) clare_net: recv kind=0 type=transcript len=85
I (247602) clare_net: recv kind=0 type=transcript len=85
I (247607) clare_net: recv kind=0 type=transcript len=85
I (247608) clare_net: recv kind=0 type=transcript len=85
I (247763) clare_net: recv kind=0 type=transcript len=85
I (247772) clare_net: recv kind=0 type=transcript len=85
I (247858) clare_net: recv kind=0 type=transcript len=85
I (247889) clare_net: recv kind=0 type=transcript len=85
I (247980) clare_net: recv kind=0 type=transcript len=85
I (248138) clare_net: recv kind=0 type=transcript len=91
I (248166) clare_net: recv kind=0 type=transcript len=91
I (248266) clare_net: recv kind=0 type=transcript len=91
I (248490) clare_net: recv kind=0 type=transcript len=103
I (248510) clare_net: recv kind=0 type=transcript len=103
I (248845) clare_net: recv kind=0 type=transcript len=103
I (248874) clare_net: recv kind=0 type=transcript len=103
I (249488) clare_net: recv kind=0 type=transcript len=109
I (249490) clare_net: recv kind=0 type=transcript len=109
I (249492) clare_net: recv kind=0 type=transcript len=109
I (249494) clare_net: recv kind=0 type=transcript len=115
I (249496) clare_net: recv kind=0 type=transcript len=115
I (249551) clare_net: recv kind=0 type=transcript len=115
I (249553) clare_net: recv kind=0 type=transcript len=115
I (249555) clare_net: recv kind=0 type=transcript len=115
I (249557) clare_net: recv kind=0 type=transcript len=115
I (249744) clare_net: recv kind=0 type=transcript len=115
I (249989) clare_net: recv kind=0 type=transcript len=115
I (250132) clare_net: recv kind=0 type=transcript len=115
I (250288) clare_net: recv kind=0 type=transcript len=124
I (250291) clare_net: recv kind=0 type=transcript len=124
I (250318) clare_net: recv kind=0 type=transcript len=124
I (250345) clare_net: recv kind=0 type=transcript len=124
I (250470) clare_net: recv kind=0 type=transcript len=124
I (250499) clare_net: recv kind=0 type=transcript len=124
I (250554) clare_net: recv kind=0 type=transcript len=124
I (250775) clare_net: recv kind=0 type=transcript len=133
I (250803) clare_net: recv kind=0 type=transcript len=133
I (251148) clare_net: recv kind=0 type=transcript len=133
I (251275) clare_net: recv kind=0 type=transcript len=133
I (251313) clare_net: recv kind=0 type=transcript len=133
I (251340) clare_net: recv kind=0 type=transcript len=133
I (251476) clare_net: recv kind=0 type=transcript len=136
I (251496) clare_net: recv kind=0 type=transcript len=136
I (251523) clare_net: recv kind=0 type=transcript len=136
I (251648) clare_net: recv kind=0 type=transcript len=139
I (251677) clare_net: recv kind=0 type=transcript len=139
I (251761) clare_net: recv kind=0 type=transcript len=139
I (251867) clare_net: recv kind=0 type=transcript len=139
I (252096) clare_net: recv kind=0 type=transcript len=151
I (252133) clare_net: recv kind=0 type=transcript len=151
I (252163) clare_net: recv kind=0 type=transcript len=151
I (252386) clare_net: recv kind=0 type=transcript len=151
I (252475) clare_net: recv kind=0 type=transcript len=151
I (252888) clare_net: recv kind=0 type=transcript len=151
I (253065) clare_net: recv kind=0 type=transcript len=151
I (253095) clare_net: recv kind=0 type=transcript len=151
I (253121) clare_net: recv kind=0 type=transcript len=151
I (253258) clare_net: recv kind=0 type=transcript len=151
I (253332) clare_net: recv kind=0 type=transcript len=153
I (254474) clare_net: recv kind=0 type=transcript len=82
I (254507) clare_net: recv kind=0 type=transcript len=82
I (254529) clare_net: recv kind=0 type=transcript len=82
I (254954) clare_net: recv kind=0 type=transcript len=83
I (254977) clare_net: recv kind=0 type=transcript len=83
I (255614) clare_net: recv kind=0 type=transcript len=83
I (255617) clare_net: recv kind=0 type=transcript len=90
I (255619) clare_net: recv kind=0 type=transcript len=90
I (255620) clare_net: recv kind=0 type=transcript len=90
I (255622) clare_net: recv kind=0 type=transcript len=96
I (255624) clare_net: recv kind=0 type=transcript len=96
I (255774) clare_net: recv kind=0 type=transcript len=96
I (255786) clare_net: recv kind=0 type=transcript len=96
I (256488) clare_net: recv kind=0 type=transcript len=96
I (256515) clare_net: recv kind=0 type=transcript len=96
I (256540) clare_net: recv kind=0 type=transcript len=96
I (256663) clare_net: recv kind=0 type=transcript len=99
I (256680) clare_net: recv kind=0 type=transcript len=99
I (256711) clare_net: recv kind=0 type=transcript len=99
I (256842) clare_net: recv kind=0 type=transcript len=105
I (256861) clare_net: recv kind=0 type=transcript len=105
I (256891) clare_net: recv kind=0 type=transcript len=105
I (257020) clare_net: recv kind=0 type=transcript len=105
I (257048) clare_net: recv kind=0 type=transcript len=105
I (257073) clare_net: recv kind=0 type=transcript len=105
I (257211) clare_net: recv kind=0 type=transcript len=105
I (257240) clare_net: recv kind=0 type=transcript len=105
I (257271) clare_net: recv kind=0 type=transcript len=105
I (257394) clare_net: recv kind=0 type=transcript len=105
I (257445) clare_net: recv kind=0 type=transcript len=107
I (258583) clare_net: recv kind=0 type=transcript len=85
I (258610) clare_net: recv kind=0 type=transcript len=85
I (258638) clare_net: recv kind=0 type=transcript len=85
I (258752) clare_net: recv kind=0 type=transcript len=91
I (260268) clare_net: recv kind=0 type=transcript len=91
I (260270) clare_net: recv kind=0 type=transcript len=91
I (260272) clare_net: recv kind=0 type=transcript len=94
I (260274) clare_net: recv kind=0 type=transcript len=94
I (260276) clare_net: recv kind=0 type=transcript len=94
I (260475) clare_net: recv kind=0 type=transcript len=100
I (260477) clare_net: recv kind=0 type=transcript len=100
I (260478) clare_net: recv kind=0 type=transcript len=100
I (260480) clare_net: recv kind=0 type=transcript len=100
I (260482) clare_net: recv kind=0 type=transcript len=109
I (260484) clare_net: recv kind=0 type=transcript len=109
I (260486) clare_net: recv kind=0 type=transcript len=109
I (260487) clare_net: recv kind=0 type=transcript len=115
I (260489) clare_net: recv kind=0 type=transcript len=115
I (260491) clare_net: recv kind=0 type=transcript len=115
I (260493) clare_net: recv kind=0 type=transcript len=115
I (260495) clare_net: recv kind=0 type=transcript len=115
I (260497) clare_net: recv kind=0 type=transcript len=115
I (260498) clare_net: recv kind=0 type=transcript len=118
I (260548) clare_net: recv kind=0 type=transcript len=118
I (260645) clare_net: recv kind=0 type=transcript len=118
I (260820) clare_net: recv kind=0 type=transcript len=124
I (260849) clare_net: recv kind=0 type=transcript len=124
I (260875) clare_net: recv kind=0 type=transcript len=124
I (261501) clare_net: recv kind=0 type=transcript len=124
I (261502) clare_net: recv kind=0 type=transcript len=124
I (261504) clare_net: recv kind=0 type=transcript len=124
I (261689) clare_net: recv kind=0 type=transcript len=124
I (261796) clare_net: recv kind=0 type=transcript len=124
I (261845) clare_net: recv kind=0 type=transcript len=126
I (262832) clare_net: recv kind=0 type=transcript len=82
I (262858) clare_net: recv kind=0 type=transcript len=82
I (262886) clare_net: recv kind=0 type=transcript len=82
I (263267) clare_net: recv kind=0 type=transcript len=91
I (263295) clare_net: recv kind=0 type=transcript len=91
I (263323) clare_net: recv kind=0 type=transcript len=91
I (263530) clare_net: recv kind=0 type=transcript len=91
I (263562) clare_net: recv kind=0 type=transcript len=91
I (263579) clare_net: recv kind=0 type=transcript len=91
I (263605) clare_net: recv kind=0 type=transcript len=91
I (263938) clare_net: recv kind=0 type=transcript len=94
I (263965) clare_net: recv kind=0 type=transcript len=94
I (263993) clare_net: recv kind=0 type=transcript len=94
I (264116) clare_net: recv kind=0 type=transcript len=94
I (264282) clare_net: recv kind=0 type=transcript len=94
I (264318) clare_net: recv kind=0 type=transcript len=94
I (264400) clare_net: recv kind=0 type=transcript len=103
I (264428) clare_net: recv kind=0 type=transcript len=103
I (264452) clare_net: recv kind=0 type=transcript len=103
I (264568) clare_net: recv kind=0 type=transcript len=109
I (264593) clare_net: recv kind=0 type=transcript len=109
I (264654) clare_net: recv kind=0 type=transcript len=109
I (265141) clare_net: recv kind=0 type=transcript len=109
I (265173) clare_net: recv kind=0 type=transcript len=109
I (265822) clare_net: recv kind=0 type=transcript len=109
I (265824) clare_net: recv kind=0 type=transcript len=109
I (265826) clare_net: recv kind=0 type=transcript len=109
I (265827) clare_net: recv kind=0 type=transcript len=109
I (265829) clare_net: recv kind=0 type=transcript len=109
I (266072) clare_net: recv kind=0 type=transcript len=115
I (266073) clare_net: recv kind=0 type=transcript len=115
I (266075) clare_net: recv kind=0 type=transcript len=115
I (266187) clare_net: recv kind=0 type=transcript len=130
I (266208) clare_net: recv kind=0 type=transcript len=130
I (266902) clare_net: recv kind=0 type=transcript len=130
I (266904) clare_net: recv kind=0 type=transcript len=139
I (266906) clare_net: recv kind=0 type=transcript len=139
I (266912) clare_net: recv kind=0 type=transcript len=139
I (266913) clare_net: recv kind=0 type=transcript len=145
I (266915) clare_net: recv kind=0 type=transcript len=145
I (266917) clare_net: recv kind=0 type=transcript len=145
I (267070) clare_net: recv kind=0 type=transcript len=145
I (267072) clare_net: recv kind=0 type=transcript len=145
I (267697) clare_net: recv kind=0 type=transcript len=145
I (267699) clare_net: recv kind=0 type=transcript len=145
I (267701) clare_net: recv kind=0 type=transcript len=145
I (267707) clare_net: recv kind=0 type=transcript len=145
I (267709) clare_net: recv kind=0 type=transcript len=145
I (267711) clare_net: recv kind=0 type=transcript len=145
I (267713) clare_net: recv kind=0 type=transcript len=145
I (267714) clare_net: recv kind=0 type=transcript len=145
I (267863) clare_net: recv kind=0 type=transcript len=151
I (268084) clare_net: recv kind=0 type=transcript len=151
I (268112) clare_net: recv kind=0 type=transcript len=151
I (268271) clare_net: recv kind=0 type=transcript len=160
I (268300) clare_net: recv kind=0 type=transcript len=160
I (268336) clare_net: recv kind=0 type=transcript len=160
I (268356) clare_net: recv kind=0 type=transcript len=160
I (268518) clare_net: recv kind=0 type=transcript len=172
I (268543) clare_net: recv kind=0 type=transcript len=172
I (268568) clare_net: recv kind=0 type=transcript len=172
I (268784) clare_net: recv kind=0 type=transcript len=172
I (268848) clare_net: recv kind=0 type=transcript len=172
I (268861) clare_net: recv kind=0 type=transcript len=172
I (269100) clare_net: recv kind=0 type=transcript len=181
I (269258) clare_net: recv kind=0 type=transcript len=181
I (269540) clare_net: recv kind=0 type=transcript len=181
I (269717) clare_net: recv kind=0 type=transcript len=184
I (269745) clare_net: recv kind=0 type=transcript len=184
I (269777) clare_net: recv kind=0 type=transcript len=184
I (270008) clare_net: recv kind=0 type=transcript len=190
I (270053) clare_net: recv kind=0 type=transcript len=190
I (270072) clare_net: recv kind=0 type=transcript len=190
I (270693) clare_net: recv kind=0 type=transcript len=190
I (270695) clare_net: recv kind=0 type=transcript len=190
I (270697) clare_net: recv kind=0 type=transcript len=190
I (270699) clare_net: recv kind=0 type=transcript len=190
I (270701) clare_net: recv kind=0 type=transcript len=193
I (270707) clare_net: recv kind=0 type=transcript len=193
I (270874) clare_net: recv kind=0 type=transcript len=193
I (270949) clare_net: recv kind=0 type=transcript len=199
I (270978) clare_net: recv kind=0 type=transcript len=199
I (271008) clare_net: recv kind=0 type=transcript len=199
I (271206) clare_net: recv kind=0 type=transcript len=199
I (271280) clare_net: recv kind=0 type=transcript len=201
I (272573) clare_net: recv kind=0 type=transcript len=82
I (272598) clare_net: recv kind=0 type=transcript len=82
I (272626) clare_net: recv kind=0 type=transcript len=82
I (272652) clare_net: recv kind=0 type=transcript len=82
I (272816) clare_net: recv kind=0 type=transcript len=85
I (272894) clare_net: recv kind=0 type=transcript len=85
I (273503) clare_net: recv kind=0 type=transcript len=87
I (273968) clare_net: recv kind=0 type=transcript len=79
I (273993) clare_net: recv kind=0 type=transcript len=79
I (274065) clare_net: recv kind=0 type=transcript len=79
I (274431) clare_net: recv kind=0 type=transcript len=85
I (274443) clare_net: recv kind=0 type=transcript len=85
I (274802) clare_net: recv kind=0 type=transcript len=85
I (274975) clare_net: recv kind=0 type=transcript len=94
I (275004) clare_net: recv kind=0 type=transcript len=94
I (275030) clare_net: recv kind=0 type=transcript len=94
I (275211) clare_net: recv kind=0 type=transcript len=100
I (275237) clare_net: recv kind=0 type=transcript len=100
I (275276) clare_net: recv kind=0 type=transcript len=100
I (275893) clare_net: recv kind=0 type=transcript len=106
I (275895) clare_net: recv kind=0 type=transcript len=106
I (275897) clare_net: recv kind=0 type=transcript len=106
I (275899) clare_net: recv kind=0 type=transcript len=106
I (275901) clare_net: recv kind=0 type=transcript len=115
I (275903) clare_net: recv kind=0 type=transcript len=115
I (275904) clare_net: recv kind=0 type=transcript len=115
I (275907) clare_net: recv kind=0 type=transcript len=121
I (276071) clare_net: recv kind=0 type=transcript len=121
I (276072) clare_net: recv kind=0 type=transcript len=121
I (276464) clare_net: recv kind=0 type=transcript len=130
I (276493) clare_net: recv kind=0 type=transcript len=130
I (276540) clare_net: recv kind=0 type=transcript len=130
I (277221) clare_net: recv kind=0 type=transcript len=130
I (277223) clare_net: recv kind=0 type=transcript len=130
I (277225) clare_net: recv kind=0 type=transcript len=130
I (277227) clare_net: recv kind=0 type=transcript len=130
I (277229) clare_net: recv kind=0 type=transcript len=130
I (277231) clare_net: recv kind=0 type=transcript len=130
I (277462) clare_net: recv kind=0 type=transcript len=130
I (277464) clare_net: recv kind=0 type=transcript len=130
I (277515) clare_net: recv kind=0 type=transcript len=135
I (278571) clare_net: recv kind=0 type=transcript len=81
I (278598) clare_net: recv kind=0 type=transcript len=81
I (278656) clare_net: recv kind=0 type=transcript len=81
I (278920) clare_net: recv kind=0 type=transcript len=83
I (278949) clare_net: recv kind=0 type=transcript len=83
I (278981) clare_net: recv kind=0 type=transcript len=83
I (279218) clare_net: recv kind=0 type=transcript len=87
I (279251) clare_net: recv kind=0 type=transcript len=87
I (279288) clare_net: recv kind=0 type=transcript len=87
I (279418) clare_net: recv kind=0 type=transcript len=87
I (279472) clare_net: recv kind=0 type=transcript len=87
I (279555) clare_net: recv kind=0 type=transcript len=87
I (279763) clare_net: recv kind=0 type=transcript len=87
I (280100) clare_net: recv kind=0 type=transcript len=89
I (281029) clare_net: recv kind=0 type=transcript len=82
I (281055) clare_net: recv kind=0 type=transcript len=82
I (281083) clare_net: recv kind=0 type=transcript len=82
I (281281) clare_net: recv kind=0 type=transcript len=94
I (281315) clare_net: recv kind=0 type=transcript len=94
I (281688) clare_net: recv kind=0 type=transcript len=94
I (281831) clare_net: recv kind=0 type=transcript len=103
I (281861) clare_net: recv kind=0 type=transcript len=103
I (281890) clare_net: recv kind=0 type=transcript len=103
I (282383) clare_net: recv kind=0 type=transcript len=103
I (282983) clare_net: recv kind=0 type=transcript len=103
I (282985) clare_net: recv kind=0 type=transcript len=103
I (282986) clare_net: recv kind=0 type=transcript len=103
I (282988) clare_net: recv kind=0 type=transcript len=103
I (282990) clare_net: recv kind=0 type=transcript len=103
I (282992) clare_net: recv kind=0 type=transcript len=103
I (282994) clare_net: recv kind=0 type=transcript len=109
I (282995) clare_net: recv kind=0 type=transcript len=109
I (282997) clare_net: recv kind=0 type=transcript len=109
I (283251) clare_net: recv kind=0 type=transcript len=118
I (283281) clare_net: recv kind=0 type=transcript len=118
I (283306) clare_net: recv kind=0 type=transcript len=118
I (283441) clare_net: recv kind=0 type=transcript len=121
I (283469) clare_net: recv kind=0 type=transcript len=121
I (283500) clare_net: recv kind=0 type=transcript len=121
I (283538) clare_net: recv kind=0 type=transcript len=121
I (283698) clare_net: recv kind=0 type=transcript len=130
I (283736) clare_net: recv kind=0 type=transcript len=130
I (283775) clare_net: recv kind=0 type=transcript len=130
I (283862) clare_net: recv kind=0 type=transcript len=133
I (283909) clare_net: recv kind=0 type=transcript len=133
I (283969) clare_net: recv kind=0 type=transcript len=133
I (284479) clare_net: recv kind=0 type=transcript len=133
I (284515) clare_net: recv kind=0 type=transcript len=133
I (284582) clare_net: recv kind=0 type=transcript len=133
I (285198) clare_net: recv kind=0 type=transcript len=142
I (285200) clare_net: recv kind=0 type=transcript len=142
I (285202) clare_net: recv kind=0 type=transcript len=142
I (285203) clare_net: recv kind=0 type=transcript len=142
I (285369) clare_net: recv kind=0 type=transcript len=142
I (285371) clare_net: recv kind=0 type=transcript len=142
I (285373) clare_net: recv kind=0 type=transcript len=142
I (285391) clare_net: recv kind=0 type=transcript len=142
I (285432) clare_net: recv kind=0 type=transcript len=142
I (285463) clare_net: recv kind=0 type=transcript len=142
I (285563) clare_net: recv kind=0 type=transcript len=145
I (285582) clare_net: recv kind=0 type=transcript len=145
I (285847) clare_net: recv kind=0 type=transcript len=145
I (286008) clare_net: recv kind=0 type=transcript len=148
I (286039) clare_net: recv kind=0 type=transcript len=148
I (286066) clare_net: recv kind=0 type=transcript len=148
I (286719) clare_net: recv kind=0 type=transcript len=166
I (286720) clare_net: recv kind=0 type=transcript len=166
I (286722) clare_net: recv kind=0 type=transcript len=166
I (286724) clare_net: recv kind=0 type=transcript len=172
I (286726) clare_net: recv kind=0 type=transcript len=172
I (286728) clare_net: recv kind=0 type=transcript len=172
I (286730) clare_net: recv kind=0 type=transcript len=172
I (287081) clare_net: recv kind=0 type=transcript len=181
I (288622) clare_net: recv kind=0 type=transcript len=181
I (288624) clare_net: recv kind=0 type=transcript len=181
I (288626) clare_net: recv kind=0 type=transcript len=187
I (288628) clare_net: recv kind=0 type=transcript len=187
I (288866) clare_net: recv kind=0 type=transcript len=187
I (288868) clare_net: recv kind=0 type=transcript len=187
I (288870) clare_net: recv kind=0 type=transcript len=187
I (288872) clare_net: recv kind=0 type=transcript len=187
I (288874) clare_net: recv kind=0 type=transcript len=189
I (290584) clare_net: recv kind=0 type=transcript len=82
I (291191) clare_net: recv kind=0 type=transcript len=82
I (291193) clare_net: recv kind=0 type=transcript len=82
I (291194) clare_net: recv kind=0 type=transcript len=82
I (291196) clare_net: recv kind=0 type=transcript len=82
I (291198) clare_net: recv kind=0 type=transcript len=82
I (291200) clare_net: recv kind=0 type=transcript len=85
I (291201) clare_net: recv kind=0 type=transcript len=85
I (291203) clare_net: recv kind=0 type=transcript len=85
I (297326) clare_net: recv kind=0 type=transcript len=94
I (297328) clare_net: recv kind=0 type=transcript len=94
I (297329) clare_net: recv kind=0 type=transcript len=94
I (297331) clare_net: recv kind=0 type=transcript len=94
I (297563) clare_net: recv kind=0 type=transcript len=94
I (297565) clare_net: recv kind=0 type=transcript len=94
I (297567) clare_net: recv kind=0 type=transcript len=94
I (297568) clare_net: recv kind=0 type=transcript len=103
I (297570) clare_net: recv kind=0 type=transcript len=103
I (297572) clare_net: recv kind=0 type=transcript len=103
I (297574) clare_net: recv kind=0 type=transcript len=109
I (297576) clare_net: recv kind=0 type=transcript len=109
I (297577) clare_net: recv kind=0 type=transcript len=109
I (297579) clare_net: recv kind=0 type=transcript len=115
I (297581) clare_net: recv kind=0 type=transcript len=115
I (297583) clare_net: recv kind=0 type=transcript len=115
I (297585) clare_net: recv kind=0 type=transcript len=115
I (297587) clare_net: recv kind=0 type=transcript len=115
I (297589) clare_net: recv kind=0 type=transcript len=115
I (297590) clare_net: recv kind=0 type=transcript len=115
I (297592) clare_net: recv kind=0 type=transcript len=115
I (297594) clare_net: recv kind=0 type=transcript len=115
I (297596) clare_net: recv kind=0 type=transcript len=115
I (297598) clare_net: recv kind=0 type=transcript len=124
I (297599) clare_net: recv kind=0 type=transcript len=124
I (297601) clare_net: recv kind=0 type=transcript len=124
I (297603) clare_net: recv kind=0 type=transcript len=124
I (297605) clare_net: recv kind=0 type=transcript len=124
I (297607) clare_net: recv kind=0 type=transcript len=124
I (297609) clare_net: recv kind=0 type=transcript len=130
I (297611) clare_net: recv kind=0 type=transcript len=130
I (297617) clare_net: recv kind=0 type=transcript len=130
I (298197) clare_net: recv kind=0 type=transcript len=133
I (298199) clare_net: recv kind=0 type=transcript len=133
I (298201) clare_net: recv kind=0 type=transcript len=133
I (298202) clare_net: recv kind=0 type=transcript len=133
I (298204) clare_net: recv kind=0 type=transcript len=133
I (298206) clare_net: recv kind=0 type=transcript len=133
I (298374) clare_net: recv kind=0 type=transcript len=133
I (298376) clare_net: recv kind=0 type=transcript len=142
I (298378) clare_net: recv kind=0 type=transcript len=142
I (298380) clare_net: recv kind=0 type=transcript len=142
I (298382) clare_net: recv kind=0 type=transcript len=145
I (298384) clare_net: recv kind=0 type=transcript len=145
I (298385) clare_net: recv kind=0 type=transcript len=145
I (298387) clare_net: recv kind=0 type=transcript len=160
I (298389) clare_net: recv kind=0 type=transcript len=160
I (298391) clare_net: recv kind=0 type=transcript len=160
I (298393) clare_net: recv kind=0 type=transcript len=166
I (298395) clare_net: recv kind=0 type=transcript len=166
I (298397) clare_net: recv kind=0 type=transcript len=166
I (298398) clare_net: recv kind=0 type=transcript len=166
I (298400) clare_net: recv kind=0 type=transcript len=166
I (298402) clare_net: recv kind=0 type=transcript len=166
I (298404) clare_net: recv kind=0 type=transcript len=166
I (298531) clare_net: recv kind=0 type=transcript len=169
I (298533) clare_net: recv kind=0 type=transcript len=169
I (298535) clare_net: recv kind=0 type=transcript len=169
I (298537) clare_net: recv kind=0 type=transcript len=184
I (298539) clare_net: recv kind=0 type=transcript len=184
I (298541) clare_net: recv kind=0 type=transcript len=184
I (298542) clare_net: recv kind=0 type=transcript len=184
I (298544) clare_net: recv kind=0 type=transcript len=184
I (298546) clare_net: recv kind=0 type=transcript len=186
I (298642) clare_net: recv kind=0 type=transcript len=82
I (298667) clare_net: recv kind=0 type=transcript len=82
I (298744) clare_net: recv kind=0 type=transcript len=82
I (299160) clare_net: recv kind=0 type=transcript len=85
I (299185) clare_net: recv kind=0 type=transcript len=85
I (299215) clare_net: recv kind=0 type=transcript len=85
I (299246) clare_net: recv kind=0 type=transcript len=85
I (299386) clare_net: recv kind=0 type=transcript len=85
I (299453) clare_net: recv kind=0 type=transcript len=85
I (299482) clare_net: recv kind=0 type=transcript len=85
I (299758) clare_net: recv kind=0 type=transcript len=85
I (299812) clare_net: recv kind=0 type=transcript len=87
I (300839) clare_net: recv kind=0 type=transcript len=85
I (300911) clare_net: recv kind=0 type=transcript len=85
I (300937) clare_net: recv kind=0 type=transcript len=85
I (301051) clare_net: recv kind=0 type=transcript len=88
I (301081) clare_net: recv kind=0 type=transcript len=88
I (301121) clare_net: recv kind=0 type=transcript len=88
I (301441) clare_net: recv kind=0 type=transcript len=88
I (302105) clare_net: recv kind=0 type=transcript len=88
I (302107) clare_net: recv kind=0 type=transcript len=88
I (302109) clare_net: recv kind=0 type=transcript len=88
I (302110) clare_net: recv kind=0 type=transcript len=88
I (302117) clare_net: recv kind=0 type=transcript len=88
I (302118) clare_net: recv kind=0 type=transcript len=88
I (302120) clare_net: recv kind=0 type=transcript len=88
I (302122) clare_net: recv kind=0 type=transcript len=88
I (302281) clare_net: recv kind=0 type=transcript len=88
I (302436) clare_net: recv kind=0 type=transcript len=91
I (302462) clare_net: recv kind=0 type=transcript len=91
I (302497) clare_net: recv kind=0 type=transcript len=91
I (302642) clare_net: recv kind=0 type=transcript len=94
I (302693) clare_net: recv kind=0 type=transcript len=94
I (302706) clare_net: recv kind=0 type=transcript len=94
I (303311) clare_net: recv kind=0 type=transcript len=103
I (303317) clare_net: recv kind=0 type=transcript len=103
I (303319) clare_net: recv kind=0 type=transcript len=103
I (303321) clare_net: recv kind=0 type=transcript len=109
I (303323) clare_net: recv kind=0 type=transcript len=109
I (303485) clare_net: recv kind=0 type=transcript len=109
I (303487) clare_net: recv kind=0 type=transcript len=109
I (303604) clare_net: recv kind=0 type=transcript len=124
I (303641) clare_net: recv kind=0 type=transcript len=124
I (303843) clare_net: recv kind=0 type=transcript len=124
I (303962) clare_net: recv kind=0 type=transcript len=124
I (303989) clare_net: recv kind=0 type=transcript len=124
I (304021) clare_net: recv kind=0 type=transcript len=124
I (304151) clare_net: recv kind=0 type=transcript len=130
I (304394) clare_net: recv kind=0 type=transcript len=130
I (304494) clare_net: recv kind=0 type=transcript len=130
I (305022) clare_net: recv kind=0 type=transcript len=133
I (305051) clare_net: recv kind=0 type=transcript len=133
I (305703) clare_net: recv kind=0 type=transcript len=133
I (305705) clare_net: recv kind=0 type=transcript len=133
I (305707) clare_net: recv kind=0 type=transcript len=133
I (305709) clare_net: recv kind=0 type=transcript len=133
I (305711) clare_net: recv kind=0 type=transcript len=133
I (305717) clare_net: recv kind=0 type=transcript len=139
I (305718) clare_net: recv kind=0 type=transcript len=139
I (305720) clare_net: recv kind=0 type=transcript len=139
I (305722) clare_net: recv kind=0 type=transcript len=148
I (305874) clare_net: recv kind=0 type=transcript len=148
I (305876) clare_net: recv kind=0 type=transcript len=148
I (306119) clare_net: recv kind=0 type=transcript len=154
I (306173) clare_net: recv kind=0 type=transcript len=154
I (306269) clare_net: recv kind=0 type=transcript len=154
I (306686) clare_net: recv kind=0 type=transcript len=160
I (306714) clare_net: recv kind=0 type=transcript len=160
I (306740) clare_net: recv kind=0 type=transcript len=160
I (306863) clare_net: recv kind=0 type=transcript len=163
I (306897) clare_net: recv kind=0 type=transcript len=163
I (307503) clare_net: recv kind=0 type=transcript len=163
I (307505) clare_net: recv kind=0 type=transcript len=163
I (307507) clare_net: recv kind=0 type=transcript len=166
I (307509) clare_net: recv kind=0 type=transcript len=166
I (307511) clare_net: recv kind=0 type=transcript len=166
I (307513) clare_net: recv kind=0 type=transcript len=166
I (307518) clare_net: recv kind=0 type=transcript len=166
I (307520) clare_net: recv kind=0 type=transcript len=166
I (307522) clare_net: recv kind=0 type=transcript len=166
I (308592) clare_net: recv kind=0 type=transcript len=166
I (308593) clare_net: recv kind=0 type=transcript len=166
I (308595) clare_net: recv kind=0 type=transcript len=173
I (308597) clare_net: recv kind=0 type=transcript len=173
I (308599) clare_net: recv kind=0 type=transcript len=173
I (308601) clare_net: recv kind=0 type=transcript len=177
I (308603) clare_net: recv kind=0 type=transcript len=177
I (308769) clare_net: recv kind=0 type=transcript len=177
I (308771) clare_net: recv kind=0 type=transcript len=177
I (308773) clare_net: recv kind=0 type=transcript len=177
I (308775) clare_net: recv kind=0 type=transcript len=177
I (308777) clare_net: recv kind=0 type=transcript len=177
I (308836) clare_net: recv kind=0 type=transcript len=179
I (308868) clare_net: recv kind=0 type=transcript len=179
I (308967) clare_net: recv kind=0 type=transcript len=179
I (309599) clare_net: recv kind=0 type=transcript len=182
I (309601) clare_net: recv kind=0 type=transcript len=182
I (309603) clare_net: recv kind=0 type=transcript len=182
I (309605) clare_net: recv kind=0 type=transcript len=188
I (309607) clare_net: recv kind=0 type=transcript len=188
I (309609) clare_net: recv kind=0 type=transcript len=188
I (309782) clare_net: recv kind=0 type=transcript len=206
I (309784) clare_net: recv kind=0 type=transcript len=206
I (309845) clare_net: recv kind=0 type=transcript len=206
I (309991) clare_net: recv kind=0 type=transcript len=206
I (310196) clare_net: recv kind=0 type=transcript len=209
I (310232) clare_net: recv kind=0 type=transcript len=209
I (310881) clare_net: recv kind=0 type=transcript len=209
I (310883) clare_net: recv kind=0 type=transcript len=215
I (310885) clare_net: recv kind=0 type=transcript len=215
I (310887) clare_net: recv kind=0 type=transcript len=215
I (310888) clare_net: recv kind=0 type=transcript len=218
I (311918) clare_net: recv kind=0 type=transcript len=218
I (311920) clare_net: recv kind=0 type=transcript len=218
I (313839) clare_net: recv kind=0 type=transcript len=218
I (313841) clare_net: recv kind=0 type=transcript len=218
I (313843) clare_net: recv kind=0 type=transcript len=218
I (313845) clare_net: recv kind=0 type=transcript len=224
I (313847) clare_net: recv kind=0 type=transcript len=224
I (313849) clare_net: recv kind=0 type=transcript len=224
I (313851) clare_net: recv kind=0 type=transcript len=224
I (313853) clare_net: recv kind=0 type=transcript len=233
I (313855) clare_net: recv kind=0 type=transcript len=233
I (313856) clare_net: recv kind=0 type=transcript len=233
I (313858) clare_net: recv kind=0 type=transcript len=236
I (313860) clare_net: recv kind=0 type=transcript len=236
I (313862) clare_net: recv kind=0 type=transcript len=236
I (313864) clare_net: recv kind=0 type=transcript len=242
I (313866) clare_net: recv kind=0 type=transcript len=242
I (313868) clare_net: recv kind=0 type=transcript len=242
I (314064) clare_net: recv kind=0 type=transcript len=242
I (314066) clare_net: recv kind=0 type=transcript len=242
I (314068) clare_net: recv kind=0 type=transcript len=242
I (314070) clare_net: recv kind=0 type=transcript len=254
I (314071) clare_net: recv kind=0 type=transcript len=254
I (314073) clare_net: recv kind=0 type=transcript len=254
I (314075) clare_net: recv kind=0 type=transcript len=254
I (314077) clare_net: recv kind=0 type=transcript len=260
I (314079) clare_net: recv kind=0 type=transcript len=260
I (314081) clare_net: recv kind=0 type=transcript len=260
I (314273) clare_net: recv kind=0 type=transcript len=260
I (314275) clare_net: recv kind=0 type=transcript len=260
I (314277) clare_net: recv kind=0 type=transcript len=262
I (316806) clare_net: recv kind=0 type=transcript len=85
I (316808) clare_net: recv kind=0 type=transcript len=85
I (316810) clare_net: recv kind=0 type=transcript len=85
I (316813) clare_net: recv kind=0 type=transcript len=94
I (316818) clare_net: recv kind=0 type=transcript len=94
I (316978) clare_net: recv kind=0 type=transcript len=94
I (317134) clare_net: recv kind=0 type=transcript len=94
I (317166) clare_net: recv kind=0 type=transcript len=94
I (317204) clare_net: recv kind=0 type=transcript len=94
I (318640) clare_net: recv kind=0 type=transcript len=106
I (318641) clare_net: recv kind=0 type=transcript len=106
I (318643) clare_net: recv kind=0 type=transcript len=106
I (318645) clare_net: recv kind=0 type=transcript len=115
I (318647) clare_net: recv kind=0 type=transcript len=115
I (318649) clare_net: recv kind=0 type=transcript len=115
I (318868) clare_net: recv kind=0 type=transcript len=115
I (318870) clare_net: recv kind=0 type=transcript len=124
I (318872) clare_net: recv kind=0 type=transcript len=124
I (318874) clare_net: recv kind=0 type=transcript len=124
I (318876) clare_net: recv kind=0 type=transcript len=124
I (318878) clare_net: recv kind=0 type=transcript len=124
I (318880) clare_net: recv kind=0 type=transcript len=124
I (318881) clare_net: recv kind=0 type=transcript len=124
I (318883) clare_net: recv kind=0 type=transcript len=126
I (320761) clare_net: recv kind=0 type=transcript len=79
I (321376) clare_net: recv kind=0 type=transcript len=79
I (321378) clare_net: recv kind=0 type=transcript len=79
I (321380) clare_net: recv kind=0 type=transcript len=79
I (321382) clare_net: recv kind=0 type=transcript len=79
I (321383) clare_net: recv kind=0 type=transcript len=79
I (321385) clare_net: recv kind=0 type=transcript len=91
I (321387) clare_net: recv kind=0 type=transcript len=91
I (321389) clare_net: recv kind=0 type=transcript len=91
I (321565) clare_net: recv kind=0 type=transcript len=91
I (323055) clare_net: recv kind=0 type=transcript len=91
I (323057) clare_net: recv kind=0 type=transcript len=91
I (323059) clare_net: recv kind=0 type=transcript len=91
I (323061) clare_net: recv kind=0 type=transcript len=94
I (323063) clare_net: recv kind=0 type=transcript len=94
I (323064) clare_net: recv kind=0 type=transcript len=94
I (323273) clare_net: recv kind=0 type=transcript len=100
I (323275) clare_net: recv kind=0 type=transcript len=100
I (323277) clare_net: recv kind=0 type=transcript len=100
I (323279) clare_net: recv kind=0 type=transcript len=103
I (323280) clare_net: recv kind=0 type=transcript len=103
I (323282) clare_net: recv kind=0 type=transcript len=103
I (323284) clare_net: recv kind=0 type=transcript len=109
I (323286) clare_net: recv kind=0 type=transcript len=109
I (323288) clare_net: recv kind=0 type=transcript len=109
I (323289) clare_net: recv kind=0 type=transcript len=109
I (323294) clare_net: recv kind=0 type=transcript len=109
I (323296) clare_net: recv kind=0 type=transcript len=111
I (323814) clare_net: recv kind=0 type=transcript len=85
I (323851) clare_net: recv kind=0 type=transcript len=85
I (323877) clare_net: recv kind=0 type=transcript len=85
I (323993) clare_net: recv kind=0 type=transcript len=85
I (324027) clare_net: recv kind=0 type=transcript len=85
I (324058) clare_net: recv kind=0 type=transcript len=85
I (324352) clare_net: recv kind=0 type=transcript len=85
I (324983) clare_net: recv kind=0 type=transcript len=87
I (325580) clare_net: recv kind=0 type=transcript len=82
I (325606) clare_net: recv kind=0 type=transcript len=82
I (326296) clare_net: recv kind=0 type=transcript len=82
I (326298) clare_net: recv kind=0 type=transcript len=85
I (326300) clare_net: recv kind=0 type=transcript len=85
I (326302) clare_net: recv kind=0 type=transcript len=85
I (326304) clare_net: recv kind=0 type=transcript len=91
I (326498) clare_net: recv kind=0 type=transcript len=91
I (326529) clare_net: recv kind=0 type=transcript len=91
I (326656) clare_net: recv kind=0 type=transcript len=91
I (326687) clare_net: recv kind=0 type=transcript len=91
I (326717) clare_net: recv kind=0 type=transcript len=91
I (327132) clare_net: recv kind=0 type=transcript len=94
I (327164) clare_net: recv kind=0 type=transcript len=94
I (327195) clare_net: recv kind=0 type=transcript len=94
I (327790) clare_net: recv kind=0 type=transcript len=94
I (327792) clare_net: recv kind=0 type=transcript len=100
I (327794) clare_net: recv kind=0 type=transcript len=100
I (327796) clare_net: recv kind=0 type=transcript len=100
I (327968) clare_net: recv kind=0 type=transcript len=106
I (327970) clare_net: recv kind=0 type=transcript len=106
I (327972) clare_net: recv kind=0 type=transcript len=106
I (328101) clare_net: recv kind=0 type=transcript len=109
I (328115) clare_net: recv kind=0 type=transcript len=109
I (328149) clare_net: recv kind=0 type=transcript len=109
I (328284) clare_net: recv kind=0 type=transcript len=118
I (328895) clare_net: recv kind=0 type=transcript len=118
I (328897) clare_net: recv kind=0 type=transcript len=118
I (328899) clare_net: recv kind=0 type=transcript len=124
I (328900) clare_net: recv kind=0 type=transcript len=124
I (328904) clare_net: recv kind=0 type=transcript len=124
I (328909) clare_net: recv kind=0 type=transcript len=124
I (328911) clare_net: recv kind=0 type=transcript len=124
I (329345) clare_net: recv kind=0 type=transcript len=124
I (329369) clare_net: recv kind=0 type=transcript len=124
I (329460) clare_net: recv kind=0 type=transcript len=124
I (329489) clare_net: recv kind=0 type=transcript len=124
I (329578) clare_net: recv kind=0 type=transcript len=124
I (329638) clare_net: recv kind=0 type=transcript len=124
I (329675) clare_net: recv kind=0 type=transcript len=124
I (329711) clare_net: recv kind=0 type=transcript len=124
I (329828) clare_net: recv kind=0 type=transcript len=130
I (330496) clare_net: recv kind=0 type=transcript len=130
I (330498) clare_net: recv kind=0 type=transcript len=130
I (330499) clare_net: recv kind=0 type=transcript len=142
I (330501) clare_net: recv kind=0 type=transcript len=142
I (330503) clare_net: recv kind=0 type=transcript len=142
I (330505) clare_net: recv kind=0 type=transcript len=142
I (330673) clare_net: recv kind=0 type=transcript len=151
I (330696) clare_net: recv kind=0 type=transcript len=151
I (330726) clare_net: recv kind=0 type=transcript len=151
I (330826) clare_net: recv kind=0 type=transcript len=157
I (330869) clare_net: recv kind=0 type=transcript len=157
I (331174) clare_net: recv kind=0 type=transcript len=157
I (331405) clare_net: recv kind=0 type=transcript len=163
I (331983) clare_net: recv kind=0 type=transcript len=163
I (331985) clare_net: recv kind=0 type=transcript len=163
I (331986) clare_net: recv kind=0 type=transcript len=169
I (331988) clare_net: recv kind=0 type=transcript len=169
I (331990) clare_net: recv kind=0 type=transcript len=169
I (331992) clare_net: recv kind=0 type=transcript len=172
I (331994) clare_net: recv kind=0 type=transcript len=172
I (331996) clare_net: recv kind=0 type=transcript len=172
I (331998) clare_net: recv kind=0 type=transcript len=172
I (332167) clare_net: recv kind=0 type=transcript len=181
I (332261) clare_net: recv kind=0 type=transcript len=181
I (332297) clare_net: recv kind=0 type=transcript len=181
I (332989) clare_net: recv kind=0 type=transcript len=190
I (333031) clare_net: recv kind=0 type=transcript len=190
I (333062) clare_net: recv kind=0 type=transcript len=190
I (333190) clare_net: recv kind=0 type=transcript len=190
I (333237) clare_net: recv kind=0 type=transcript len=190
I (333298) clare_net: recv kind=0 type=transcript len=192
I (334430) clare_net: recv kind=0 type=transcript len=88
I (334464) clare_net: recv kind=0 type=transcript len=88
I (335098) clare_net: recv kind=0 type=transcript len=88
I (335100) clare_net: recv kind=0 type=transcript len=100
I (335101) clare_net: recv kind=0 type=transcript len=100
I (335103) clare_net: recv kind=0 type=transcript len=100
I (335105) clare_net: recv kind=0 type=transcript len=100
I (335107) clare_net: recv kind=0 type=transcript len=100
I (335109) clare_net: recv kind=0 type=transcript len=100
I (335284) clare_net: recv kind=0 type=transcript len=100
I (335286) clare_net: recv kind=0 type=transcript len=103
I (335288) clare_net: recv kind=0 type=transcript len=103
I (336367) clare_net: recv kind=0 type=transcript len=103
I (336369) clare_net: recv kind=0 type=transcript len=103
I (336371) clare_net: recv kind=0 type=transcript len=103
I (336372) clare_net: recv kind=0 type=transcript len=103
I (336374) clare_net: recv kind=0 type=transcript len=109
I (336565) clare_net: recv kind=0 type=transcript len=111
I (336725) clare_net: recv kind=0 type=transcript len=79
I (336757) clare_net: recv kind=0 type=transcript len=79
I (337399) clare_net: recv kind=0 type=transcript len=79
I (337401) clare_net: recv kind=0 type=transcript len=82
I (337402) clare_net: recv kind=0 type=transcript len=82
I (337404) clare_net: recv kind=0 type=transcript len=82
I (337406) clare_net: recv kind=0 type=transcript len=88
I (337412) clare_net: recv kind=0 type=transcript len=88
I (340208) clare_net: recv kind=0 type=transcript len=88
I (340210) clare_net: recv kind=0 type=transcript len=88
I (340213) clare_net: recv kind=0 type=transcript len=88
I (340218) clare_net: recv kind=0 type=transcript len=88
I (340380) clare_net: recv kind=0 type=transcript len=88
I (340381) clare_net: recv kind=0 type=transcript len=88
I (340383) clare_net: recv kind=0 type=transcript len=88
I (340385) clare_net: recv kind=0 type=transcript len=96
I (340387) clare_net: recv kind=0 type=transcript len=85
I (340389) clare_net: recv kind=0 type=transcript len=85
I (340390) clare_net: recv kind=0 type=transcript len=85
I (340392) clare_net: recv kind=0 type=transcript len=85
I (340991) clare_net: recv kind=0 type=transcript len=90
I (342067) clare_net: recv kind=0 type=transcript len=82
I (342068) clare_net: recv kind=0 type=transcript len=82
I (342070) clare_net: recv kind=0 type=transcript len=82
I (342072) clare_net: recv kind=0 type=transcript len=88
I (342280) clare_net: recv kind=0 type=transcript len=88
I (342281) clare_net: recv kind=0 type=transcript len=88
I (342283) clare_net: recv kind=0 type=transcript len=88
I (342285) clare_net: recv kind=0 type=transcript len=88
I (342287) clare_net: recv kind=0 type=transcript len=88
I (342288) clare_net: recv kind=0 type=transcript len=91
I (342290) clare_net: recv kind=0 type=transcript len=91
I (342292) clare_net: recv kind=0 type=transcript len=91
I (342297) clare_net: recv kind=0 type=transcript len=91
I (342994) clare_net: recv kind=0 type=transcript len=91
I (343579) clare_net: recv kind=0 type=transcript len=91
I (343581) clare_net: recv kind=0 type=transcript len=91
I (343583) clare_net: recv kind=0 type=transcript len=97
I (343585) clare_net: recv kind=0 type=transcript len=97
I (343586) clare_net: recv kind=0 type=transcript len=97
I (343588) clare_net: recv kind=0 type=transcript len=103
I (343590) clare_net: recv kind=0 type=transcript len=103
I (343592) clare_net: recv kind=0 type=transcript len=103
I (343763) clare_net: recv kind=0 type=transcript len=106
I (343765) clare_net: recv kind=0 type=transcript len=106
I (343769) clare_net: recv kind=0 type=transcript len=106
I (343920) clare_net: recv kind=0 type=transcript len=109
I (343930) clare_net: recv kind=0 type=transcript len=109
I (343969) clare_net: recv kind=0 type=transcript len=109
I (344591) clare_net: recv kind=0 type=transcript len=115
I (344593) clare_net: recv kind=0 type=transcript len=115
I (344595) clare_net: recv kind=0 type=transcript len=115
I (344597) clare_net: recv kind=0 type=transcript len=115
I (344598) clare_net: recv kind=0 type=transcript len=115
I (344600) clare_net: recv kind=0 type=transcript len=115
I (344602) clare_net: recv kind=0 type=transcript len=115
I (344604) clare_net: recv kind=0 type=transcript len=124
I (344768) clare_net: recv kind=0 type=transcript len=124
I (344770) clare_net: recv kind=0 type=transcript len=124
I (345383) clare_net: recv kind=0 type=transcript len=127
I (345385) clare_net: recv kind=0 type=transcript len=127
I (345387) clare_net: recv kind=0 type=transcript len=127
I (345389) clare_net: recv kind=0 type=transcript len=127
I (345391) clare_net: recv kind=0 type=transcript len=127
I (345392) clare_net: recv kind=0 type=transcript len=127
I (345394) clare_net: recv kind=0 type=transcript len=129
I (348124) clare_net: recv kind=0 type=transcript len=79
I (348156) clare_net: recv kind=0 type=transcript len=79
I (348196) clare_net: recv kind=0 type=transcript len=79
I (348333) clare_net: recv kind=0 type=transcript len=88
I (348370) clare_net: recv kind=0 type=transcript len=88
I (348405) clare_net: recv kind=0 type=transcript len=88
I (348550) clare_net: recv kind=0 type=transcript len=91
I (348587) clare_net: recv kind=0 type=transcript len=91
I (348627) clare_net: recv kind=0 type=transcript len=91
I (348653) clare_net: recv kind=0 type=transcript len=91
I (348879) clare_net: recv kind=0 type=transcript len=100
I (348953) clare_net: recv kind=0 type=transcript len=100
I (348989) clare_net: recv kind=0 type=transcript len=100
I (349356) clare_net: recv kind=0 type=transcript len=103
I (349389) clare_net: recv kind=0 type=transcript len=103
I (349452) clare_net: recv kind=0 type=transcript len=105
I (349791) clare_net: recv kind=0 type=transcript len=85
I (349826) clare_net: recv kind=0 type=transcript len=85
I (349866) clare_net: recv kind=0 type=transcript len=85
I (349970) clare_net: recv kind=0 type=transcript len=85
I (350439) clare_net: recv kind=0 type=transcript len=85
I (350473) clare_net: recv kind=0 type=transcript len=85
I (350510) clare_net: recv kind=0 type=transcript len=85
I (350670) clare_net: recv kind=0 type=transcript len=91
I (350704) clare_net: recv kind=0 type=transcript len=91
I (350747) clare_net: recv kind=0 type=transcript len=91
I (350868) clare_net: recv kind=0 type=transcript len=100
I (351343) clare_net: recv kind=0 type=transcript len=100
I (351374) clare_net: recv kind=0 type=transcript len=100
I (351487) clare_net: recv kind=0 type=transcript len=106
I (352087) clare_net: recv kind=0 type=transcript len=106
I (352089) clare_net: recv kind=0 type=transcript len=106
I (352091) clare_net: recv kind=0 type=transcript len=112
I (352093) clare_net: recv kind=0 type=transcript len=112
I (352095) clare_net: recv kind=0 type=transcript len=112
I (352096) clare_net: recv kind=0 type=transcript len=112
I (352269) clare_net: recv kind=0 type=transcript len=112
I (352271) clare_net: recv kind=0 type=transcript len=112
I (352273) clare_net: recv kind=0 type=transcript len=112
I (352340) clare_net: recv kind=0 type=transcript len=118
I (352383) clare_net: recv kind=0 type=transcript len=118
I (352983) clare_net: recv kind=0 type=transcript len=118
I (352985) clare_net: recv kind=0 type=transcript len=118
I (352987) clare_net: recv kind=0 type=transcript len=120
I (353396) clare_net: recv kind=0 type=transcript len=79
I (353433) clare_net: recv kind=0 type=transcript len=79
I (353756) clare_net: recv kind=0 type=transcript len=79
I (354205) clare_net: recv kind=0 type=transcript len=91
I (354247) clare_net: recv kind=0 type=transcript len=91
I (354822) clare_net: recv kind=0 type=transcript len=91
I (354824) clare_net: recv kind=0 type=transcript len=91
I (354826) clare_net: recv kind=0 type=transcript len=91
I (354828) clare_net: recv kind=0 type=transcript len=91
I (354829) clare_net: recv kind=0 type=transcript len=94
I (354831) clare_net: recv kind=0 type=transcript len=94
I (354833) clare_net: recv kind=0 type=transcript len=94
I (354862) clare_net: recv kind=0 type=transcript len=96
I (354899) clare_net: recv kind=0 type=transcript len=96
I (354933) clare_net: recv kind=0 type=transcript len=96
I (355077) clare_net: recv kind=0 type=transcript len=96
I (355255) clare_net: recv kind=0 type=transcript len=99
I (355294) clare_net: recv kind=0 type=transcript len=99
I (355329) clare_net: recv kind=0 type=transcript len=99
I (355457) clare_net: recv kind=0 type=transcript len=100
I (355597) clare_net: recv kind=0 type=transcript len=100
I (355633) clare_net: recv kind=0 type=transcript len=100
I (355793) clare_net: recv kind=0 type=transcript len=107
I (355826) clare_net: recv kind=0 type=transcript len=107
I (355868) clare_net: recv kind=0 type=transcript len=107
I (356481) clare_net: recv kind=0 type=transcript len=110
I (356483) clare_net: recv kind=0 type=transcript len=110
I (356485) clare_net: recv kind=0 type=transcript len=110
I (356487) clare_net: recv kind=0 type=transcript len=116
I (356488) clare_net: recv kind=0 type=transcript len=116
I (356490) clare_net: recv kind=0 type=transcript len=116
I (356492) clare_net: recv kind=0 type=transcript len=116
I (357488) clare_net: recv kind=0 type=transcript len=125
I (357490) clare_net: recv kind=0 type=transcript len=125
I (357492) clare_net: recv kind=0 type=transcript len=125
I (357494) clare_net: recv kind=0 type=transcript len=125
I (357496) clare_net: recv kind=0 type=transcript len=125
I (359350) clare_net: recv kind=0 type=transcript len=125
I (359352) clare_net: recv kind=0 type=transcript len=137
I (359354) clare_net: recv kind=0 type=transcript len=137
I (359355) clare_net: recv kind=0 type=transcript len=137
I (359357) clare_net: recv kind=0 type=transcript len=137
I (359359) clare_net: recv kind=0 type=transcript len=139
I (359361) clare_net: recv kind=0 type=transcript len=82
I (359581) clare_net: recv kind=0 type=transcript len=82
I (359583) clare_net: recv kind=0 type=transcript len=82
I (359585) clare_net: recv kind=0 type=transcript len=82
I (359587) clare_net: recv kind=0 type=transcript len=82
I (359588) clare_net: recv kind=0 type=transcript len=82
I (359590) clare_net: recv kind=0 type=transcript len=82
I (359592) clare_net: recv kind=0 type=transcript len=82
I (359594) clare_net: recv kind=0 type=transcript len=82
I (359596) clare_net: recv kind=0 type=transcript len=82
I (359815) clare_net: recv kind=0 type=transcript len=88
I (359861) clare_net: recv kind=0 type=transcript len=88
I (359890) clare_net: recv kind=0 type=transcript len=88
I (360026) clare_net: recv kind=0 type=transcript len=97
I (360065) clare_net: recv kind=0 type=transcript len=97
I (360099) clare_net: recv kind=0 type=transcript len=97
I (360271) clare_net: recv kind=0 type=transcript len=97
I (360295) clare_net: recv kind=0 type=transcript len=97
I (360372) clare_net: recv kind=0 type=transcript len=97
I (360592) clare_net: recv kind=0 type=transcript len=97
I (360625) clare_net: recv kind=0 type=transcript len=97
I (360962) clare_net: recv kind=0 type=transcript len=97
I (361499) clare_net: recv kind=0 type=transcript len=106
I (362933) clare_net: recv kind=0 type=transcript len=106
I (362935) clare_net: recv kind=0 type=transcript len=106
I (362937) clare_net: recv kind=0 type=transcript len=106
I (362938) clare_net: recv kind=0 type=transcript len=112
I (362940) clare_net: recv kind=0 type=transcript len=112
I (362942) clare_net: recv kind=0 type=transcript len=112
I (362944) clare_net: recv kind=0 type=transcript len=118
I (362946) clare_net: recv kind=0 type=transcript len=118
I (363172) clare_net: recv kind=0 type=transcript len=118
I (363174) clare_net: recv kind=0 type=transcript len=139
I (363176) clare_net: recv kind=0 type=transcript len=139
I (363178) clare_net: recv kind=0 type=transcript len=139
I (363180) clare_net: recv kind=0 type=transcript len=142
I (363181) clare_net: recv kind=0 type=transcript len=142
I (363183) clare_net: recv kind=0 type=transcript len=142
I (363185) clare_net: recv kind=0 type=transcript len=144
I (364784) clare_net: recv kind=0 type=transcript len=82
I (364823) clare_net: recv kind=0 type=transcript len=82
I (364863) clare_net: recv kind=0 type=transcript len=82
I (364995) clare_net: recv kind=0 type=transcript len=82
I (365029) clare_net: recv kind=0 type=transcript len=82
I (365068) clare_net: recv kind=0 type=transcript len=82
I (365119) clare_net: recv kind=0 type=transcript len=82
I (365220) clare_net: recv kind=0 type=transcript len=82
I (365256) clare_net: recv kind=0 type=transcript len=82
I (365291) clare_net: recv kind=0 type=transcript len=82
I (365440) clare_net: recv kind=0 type=transcript len=85
I (365473) clare_net: recv kind=0 type=transcript len=85
I (365576) clare_net: recv kind=0 type=transcript len=85
I (366044) clare_net: recv kind=0 type=transcript len=88
I (366087) clare_net: recv kind=0 type=transcript len=88
I (366115) clare_net: recv kind=0 type=transcript len=88
I (366252) clare_net: recv kind=0 type=transcript len=97
I (366293) clare_net: recv kind=0 type=transcript len=97
I (366331) clare_net: recv kind=0 type=transcript len=97
I (366522) clare_net: recv kind=0 type=transcript len=103
I (366559) clare_net: recv kind=0 type=transcript len=103
I (368114) clare_net: recv kind=0 type=transcript len=103
I (368118) clare_net: recv kind=0 type=transcript len=103
I (368120) clare_net: recv kind=0 type=transcript len=115
I (368121) clare_net: recv kind=0 type=transcript len=115
I (368123) clare_net: recv kind=0 type=transcript len=115
I (370033) clare_net: recv kind=0 type=transcript len=124
I (370035) clare_net: recv kind=0 type=transcript len=124
I (370037) clare_net: recv kind=0 type=transcript len=124
I (370038) clare_net: recv kind=0 type=transcript len=133
I (370040) clare_net: recv kind=0 type=transcript len=133
I (370042) clare_net: recv kind=0 type=transcript len=133
I (370267) clare_net: recv kind=0 type=transcript len=142
I (370269) clare_net: recv kind=0 type=transcript len=142
I (370271) clare_net: recv kind=0 type=transcript len=142
I (370273) clare_net: recv kind=0 type=transcript len=148
I (370275) clare_net: recv kind=0 type=transcript len=148
I (370277) clare_net: recv kind=0 type=transcript len=148
I (370279) clare_net: recv kind=0 type=transcript len=148
I (370280) clare_net: recv kind=0 type=transcript len=148
I (370282) clare_net: recv kind=0 type=transcript len=150
I (370284) clare_net: recv kind=0 type=transcript len=82
I (370286) clare_net: recv kind=0 type=transcript len=82
I (370288) clare_net: recv kind=0 type=transcript len=82
I (370289) clare_net: recv kind=0 type=transcript len=82
I (370291) clare_net: recv kind=0 type=transcript len=82
I (370293) clare_net: recv kind=0 type=transcript len=82
I (370295) clare_net: recv kind=0 type=transcript len=82
I (370296) clare_net: recv kind=0 type=transcript len=94
I (370298) clare_net: recv kind=0 type=transcript len=94
I (370300) clare_net: recv kind=0 type=transcript len=94
I (370302) clare_net: recv kind=0 type=transcript len=94
I (370308) clare_net: recv kind=0 type=transcript len=94
I (370310) clare_net: recv kind=0 type=transcript len=94
I (370312) clare_net: recv kind=0 type=transcript len=100
I (370427) clare_net: recv kind=0 type=transcript len=100
I (370429) clare_net: recv kind=0 type=transcript len=100
I (370547) clare_net: recv kind=0 type=transcript len=109
I (370581) clare_net: recv kind=0 type=transcript len=109
I (370672) clare_net: recv kind=0 type=transcript len=109
I (370771) clare_net: recv kind=0 type=transcript len=109
I (371002) clare_net: recv kind=0 type=transcript len=118
I (371042) clare_net: recv kind=0 type=transcript len=118
I (371082) clare_net: recv kind=0 type=transcript len=118
I (371310) clare_net: recv kind=0 type=transcript len=127
I (371432) clare_net: recv kind=0 type=transcript len=127
I (371469) clare_net: recv kind=0 type=transcript len=127
I (371952) clare_net: recv kind=0 type=transcript len=139
I (371987) clare_net: recv kind=0 type=transcript len=139
I (372030) clare_net: recv kind=0 type=transcript len=139
I (372161) clare_net: recv kind=0 type=transcript len=145
I (372210) clare_net: recv kind=0 type=transcript len=145
I (372279) clare_net: recv kind=0 type=transcript len=145
I (372369) clare_net: recv kind=0 type=transcript len=148
I (372410) clare_net: recv kind=0 type=transcript len=148
I (372457) clare_net: recv kind=0 type=transcript len=148
I (372495) clare_net: recv kind=0 type=transcript len=148
I (372642) clare_net: recv kind=0 type=transcript len=154
I (372767) clare_net: recv kind=0 type=transcript len=154
I (372813) clare_net: recv kind=0 type=transcript len=154
I (372953) clare_net: recv kind=0 type=transcript len=160
I (372992) clare_net: recv kind=0 type=transcript len=160
I (373613) clare_net: recv kind=0 type=transcript len=160
I (373753) clare_net: recv kind=0 type=transcript len=169
I (373802) clare_net: recv kind=0 type=transcript len=169
I (373844) clare_net: recv kind=0 type=transcript len=169
I (373992) clare_net: recv kind=0 type=transcript len=169
I (374033) clare_net: recv kind=0 type=transcript len=169
I (374075) clare_net: recv kind=0 type=transcript len=169
I (374224) clare_net: recv kind=0 type=transcript len=169
I (374263) clare_net: recv kind=0 type=transcript len=169
I (374308) clare_net: recv kind=0 type=transcript len=169
I (374347) clare_net: recv kind=0 type=transcript len=169
I (374504) clare_net: recv kind=0 type=transcript len=178
I (375089) clare_net: recv kind=0 type=transcript len=178
I (375091) clare_net: recv kind=0 type=transcript len=178
I (375093) clare_net: recv kind=0 type=transcript len=184
I (375095) clare_net: recv kind=0 type=transcript len=184
I (375097) clare_net: recv kind=0 type=transcript len=184
I (375099) clare_net: recv kind=0 type=transcript len=190
I (375269) clare_net: recv kind=0 type=transcript len=190
I (375271) clare_net: recv kind=0 type=transcript len=190
I (375283) clare_net: recv kind=0 type=transcript len=190
I (375324) clare_net: recv kind=0 type=transcript len=190
I (375369) clare_net: recv kind=0 type=transcript len=190
I (375475) clare_net: recv kind=0 type=transcript len=198
I (376287) clare_net: recv kind=0 type=transcript len=78
I (376327) clare_net: recv kind=0 type=transcript len=78
I (376986) clare_net: recv kind=0 type=transcript len=78
I (376988) clare_net: recv kind=0 type=transcript len=83
I (376990) clare_net: recv kind=0 type=transcript len=83
I (378037) clare_net: recv kind=0 type=transcript len=83
I (378038) clare_net: recv kind=0 type=transcript len=89
I (378040) clare_net: recv kind=0 type=transcript len=89
I (378042) clare_net: recv kind=0 type=transcript len=89
I (378044) clare_net: recv kind=0 type=transcript len=98
I (378264) clare_net: recv kind=0 type=transcript len=98
I (378266) clare_net: recv kind=0 type=transcript len=98
I (378268) clare_net: recv kind=0 type=transcript len=101
I (378270) clare_net: recv kind=0 type=transcript len=101
I (378272) clare_net: recv kind=0 type=transcript len=101
I (378273) clare_net: recv kind=0 type=transcript len=101
I (378275) clare_net: recv kind=0 type=transcript len=101
I (378277) clare_net: recv kind=0 type=transcript len=101
I (378297) clare_net: recv kind=0 type=transcript len=101
I (378459) clare_net: recv kind=0 type=transcript len=116
I (378506) clare_net: recv kind=0 type=transcript len=116
I (378545) clare_net: recv kind=0 type=transcript len=116
I (378680) clare_net: recv kind=0 type=transcript len=119
I (378727) clare_net: recv kind=0 type=transcript len=119
I (378766) clare_net: recv kind=0 type=transcript len=119
I (378884) clare_net: recv kind=0 type=transcript len=128
I (378928) clare_net: recv kind=0 type=transcript len=128
I (378970) clare_net: recv kind=0 type=transcript len=128
I (379113) clare_net: recv kind=0 type=transcript len=131
I (379131) clare_net: recv kind=0 type=transcript len=131
I (379170) clare_net: recv kind=0 type=transcript len=131
I (379279) clare_net: recv kind=0 type=transcript len=131
I (379505) clare_net: recv kind=0 type=transcript len=137
I (379546) clare_net: recv kind=0 type=transcript len=137
I (379585) clare_net: recv kind=0 type=transcript len=137
I (379798) clare_net: recv kind=0 type=transcript len=143
I (379837) clare_net: recv kind=0 type=transcript len=143
I (379877) clare_net: recv kind=0 type=transcript len=143
I (380069) clare_net: recv kind=0 type=transcript len=146
I (380110) clare_net: recv kind=0 type=transcript len=146
I (380181) clare_net: recv kind=0 type=transcript len=146
I (380313) clare_net: recv kind=0 type=transcript len=148
I (381114) clare_net: recv kind=0 type=transcript len=82
I (381161) clare_net: recv kind=0 type=transcript len=82
I (381192) clare_net: recv kind=0 type=transcript len=82
I (381486) clare_net: recv kind=0 type=transcript len=85
I (381524) clare_net: recv kind=0 type=transcript len=85
I (381571) clare_net: recv kind=0 type=transcript len=85
I (382083) clare_net: recv kind=0 type=transcript len=97
I (382122) clare_net: recv kind=0 type=transcript len=97
I (382166) clare_net: recv kind=0 type=transcript len=97
I (382336) clare_net: recv kind=0 type=transcript len=100
I (382373) clare_net: recv kind=0 type=transcript len=100
I (382595) clare_net: recv kind=0 type=transcript len=100
I (383209) clare_net: recv kind=0 type=transcript len=100
I (383211) clare_net: recv kind=0 type=transcript len=100
I (383213) clare_net: recv kind=0 type=transcript len=102
I (384399) clare_net: recv kind=0 type=transcript len=88
I (384442) clare_net: recv kind=0 type=transcript len=88
I (384487) clare_net: recv kind=0 type=transcript len=88
I (384614) clare_net: recv kind=0 type=transcript len=88
I (384667) clare_net: recv kind=0 type=transcript len=88
I (384703) clare_net: recv kind=0 type=transcript len=88
I (384769) clare_net: recv kind=0 type=transcript len=88
E (384811) esp-tls-mbedtls: write error :-0x6C00
E (384811) transport_base: esp_tls_conn_write error, errno=Connection already in progress
I (384882) clare_net: recv kind=0 type=transcript len=88
I (384925) clare_net: recv kind=0 type=transcript len=88
I (384968) clare_net: recv kind=0 type=transcript len=88
E (384973) esp-tls-mbedtls: read error :-0x7780
E (384974) transport_base: esp_tls_conn_read error, errno=Connection already in progress
E (384974) transport_ws: Error read data(-30592)
E (384974) websocket_client: esp_transport_read() failed with -30592, transport_error=ESP_ERR_MBEDTLS_SSL_READ_FAILED, tls_error_code=30592, tls_flags=0, errno=119
W (384974) clare_net: WS ERR heap free8=5740379 largest8=5636096
W (384975) clare_net: WS ERR detail kind=0 stack_err=0x3fcf2ab0 flags=0x3fcf2a90 type=0 errno=1007804216
W (384976) clare_net: WebSocket error kind=0 err=1009238280 status=0
I (384976) clare_s3: Network error - check Wi-Fi/API
E (384976) websocket_client: Error receive data
I (384977) clare_net: WebSocket disconnected kind=0 event=2 close=0 type=1 errno=0
W (384988) websocket_client: Client was not started
I (385089) clare_s3: Connection lost - tap Start to retry
I (487126) clare_net: HTTP before init free8=5835431 largest8=5636096 free_internal=47963 largest_internal=30720
I (489827) clare_net: HTTP response status=200 bytes=255 truncated=1
I (489828) clare_net: HTTP after cleanup free8=5836303 largest8=5636096
I (489829) clare_s3: Creating meeting session...
I (489830) clare_net: Create session URL ready=1
I (489830) clare_net: HTTP before init free8=5836255 largest8=5636096 free_internal=47963 largest_internal=30720
I (493561) clare_net: HTTP response status=200 bytes=82 truncated=0
I (493563) clare_net: HTTP after cleanup free8=5836115 largest8=5636096
I (493566) clare_s3: Connecting transcription...
I (493566) clare_net: WS pre-start heap free8=5801283 largest8=5636096
I (493568) websocket_client: Started
I (496896) clare_net: WebSocket connected kind=0
I (496896) clare_s3: Listening - recording only
I (496896) clare_s3: Listening - recording only
I (496912) clare_s3: Audio stream started
I (502131) clare_net: recv kind=0 type=transcript len=79
I (502150) clare_net: recv kind=0 type=transcript len=79
I (502226) clare_net: recv kind=0 type=transcript len=79
I (502394) clare_net: recv kind=0 type=transcript len=91
I (502848) clare_net: recv kind=0 type=transcript len=91
I (502849) clare_net: recv kind=0 type=transcript len=91
I (502851) clare_net: recv kind=0 type=transcript len=91
I (502853) clare_net: recv kind=0 type=transcript len=91
I (502855) clare_net: recv kind=0 type=transcript len=91
I (502857) clare_net: recv kind=0 type=transcript len=91
I (502858) clare_net: recv kind=0 type=transcript len=97
I (503053) clare_net: recv kind=0 type=transcript len=97
I (503195) clare_net: recv kind=0 type=transcript len=97
I (503404) clare_net: recv kind=0 type=transcript len=100
I (503431) clare_net: recv kind=0 type=transcript len=100
I (503456) clare_net: recv kind=0 type=transcript len=100
I (503536) clare_net: recv kind=0 type=transcript len=100
I (503563) clare_net: recv kind=0 type=transcript len=100
I (503590) clare_net: recv kind=0 type=transcript len=100
I (503747) clare_net: recv kind=0 type=transcript len=103
I (504457) clare_net: recv kind=0 type=transcript len=103
I (504459) clare_net: recv kind=0 type=transcript len=103
I (504461) clare_net: recv kind=0 type=transcript len=105
I (506900) clare_net: recv kind=0 type=transcript len=82
I (507551) clare_net: recv kind=0 type=transcript len=82
I (507553) clare_net: recv kind=0 type=transcript len=82
I (507554) clare_net: recv kind=0 type=transcript len=97
I (507556) clare_net: recv kind=0 type=transcript len=97
I (507558) clare_net: recv kind=0 type=transcript len=97
I (507560) clare_net: recv kind=0 type=transcript len=100
I (507561) clare_net: recv kind=0 type=transcript len=100
I (507563) clare_net: recv kind=0 type=transcript len=100
I (507565) clare_net: recv kind=0 type=transcript len=100
I (507789) clare_net: recv kind=0 type=transcript len=106
I (507791) clare_net: recv kind=0 type=transcript len=106
I (507793) clare_net: recv kind=0 type=transcript len=106
I (507835) clare_net: recv kind=0 type=transcript len=109
I (507863) clare_net: recv kind=0 type=transcript len=109
I (507893) clare_net: recv kind=0 type=transcript len=109
I (508086) clare_net: recv kind=0 type=transcript len=115
I (508201) clare_net: recv kind=0 type=transcript len=115
I (508229) clare_net: recv kind=0 type=transcript len=115
I (508360) clare_net: recv kind=0 type=transcript len=118
I (508390) clare_net: recv kind=0 type=transcript len=118
I (508552) clare_net: recv kind=0 type=transcript len=118
I (508653) clare_net: recv kind=0 type=transcript len=121
I (508679) clare_net: recv kind=0 type=transcript len=121
I (508711) clare_net: recv kind=0 type=transcript len=121
I (508735) clare_net: recv kind=0 type=transcript len=121
I (509178) clare_net: recv kind=0 type=transcript len=127
I (509208) clare_net: recv kind=0 type=transcript len=127
I (509630) clare_net: recv kind=0 type=transcript len=127
I (509742) clare_net: recv kind=0 type=transcript len=127
I (509804) clare_net: recv kind=0 type=transcript len=127
I (509835) clare_net: recv kind=0 type=transcript len=127
I (509963) clare_net: recv kind=0 type=transcript len=133
I (509996) clare_net: recv kind=0 type=transcript len=133
I (510025) clare_net: recv kind=0 type=transcript len=133
I (510212) clare_net: recv kind=0 type=transcript len=136
I (510235) clare_net: recv kind=0 type=transcript len=136
I (510271) clare_net: recv kind=0 type=transcript len=136
I (510381) clare_net: recv kind=0 type=transcript len=136
I (510413) clare_net: recv kind=0 type=transcript len=136
I (511016) clare_net: recv kind=0 type=transcript len=136
I (511018) clare_net: recv kind=0 type=transcript len=136
I (511193) clare_net: recv kind=0 type=transcript len=136
I (511195) clare_net: recv kind=0 type=transcript len=136
I (511197) clare_net: recv kind=0 type=transcript len=136
I (511303) clare_net: recv kind=0 type=transcript len=142
I (512791) clare_net: recv kind=0 type=transcript len=142
I (512793) clare_net: recv kind=0 type=transcript len=142
I (512795) clare_net: recv kind=0 type=transcript len=154
I (512797) clare_net: recv kind=0 type=transcript len=154
I (512799) clare_net: recv kind=0 type=transcript len=154
I (512801) clare_net: recv kind=0 type=transcript len=160
I (512803) clare_net: recv kind=0 type=transcript len=160
I (513004) clare_net: recv kind=0 type=transcript len=160
I (513006) clare_net: recv kind=0 type=transcript len=163
I (513008) clare_net: recv kind=0 type=transcript len=163
I (513010) clare_net: recv kind=0 type=transcript len=163
I (513011) clare_net: recv kind=0 type=transcript len=163
I (513013) clare_net: recv kind=0 type=transcript len=169
I (513015) clare_net: recv kind=0 type=transcript len=169
I (513017) clare_net: recv kind=0 type=transcript len=169
I (513019) clare_net: recv kind=0 type=transcript len=178
I (513021) clare_net: recv kind=0 type=transcript len=178
I (513023) clare_net: recv kind=0 type=transcript len=178
I (513088) clare_net: recv kind=0 type=transcript len=178
I (513161) clare_net: recv kind=0 type=transcript len=178
I (513163) clare_net: recv kind=0 type=transcript len=178
I (513264) clare_net: recv kind=0 type=transcript len=184
I (513294) clare_net: recv kind=0 type=transcript len=184
I (513324) clare_net: recv kind=0 type=transcript len=184
I (513546) clare_net: recv kind=0 type=transcript len=187
I (513582) clare_net: recv kind=0 type=transcript len=187
I (513614) clare_net: recv kind=0 type=transcript len=187
I (514222) clare_net: recv kind=0 type=transcript len=187
I (514224) clare_net: recv kind=0 type=transcript len=190
I (514226) clare_net: recv kind=0 type=transcript len=190
I (514232) clare_net: recv kind=0 type=transcript len=192
I (515382) clare_net: recv kind=0 type=transcript len=82
I (515413) clare_net: recv kind=0 type=transcript len=82
I (515444) clare_net: recv kind=0 type=transcript len=82
I (515625) clare_net: recv kind=0 type=transcript len=82
I (515655) clare_net: recv kind=0 type=transcript len=82
I (515683) clare_net: recv kind=0 type=transcript len=82
I (516514) clare_net: recv kind=0 type=transcript len=91
I (516544) clare_net: recv kind=0 type=transcript len=91
I (516570) clare_net: recv kind=0 type=transcript len=91
I (516726) clare_net: recv kind=0 type=transcript len=97
I (516767) clare_net: recv kind=0 type=transcript len=97
I (517316) clare_net: recv kind=0 type=transcript len=97
I (517318) clare_net: recv kind=0 type=transcript len=97
I (517323) clare_net: recv kind=0 type=transcript len=103
I (517324) clare_net: recv kind=0 type=transcript len=103
I (517326) clare_net: recv kind=0 type=transcript len=103
I (517328) clare_net: recv kind=0 type=transcript len=106
I (517330) clare_net: recv kind=0 type=transcript len=106
I (517333) clare_net: recv kind=0 type=transcript len=106
I (517339) clare_net: recv kind=0 type=transcript len=112
I (517364) clare_net: recv kind=0 type=transcript len=112
I (517392) clare_net: recv kind=0 type=transcript len=112
I (517648) clare_net: recv kind=0 type=transcript len=124
I (517668) clare_net: recv kind=0 type=transcript len=124
I (517700) clare_net: recv kind=0 type=transcript len=124
I (517959) clare_net: recv kind=0 type=transcript len=130
I (517983) clare_net: recv kind=0 type=transcript len=130
I (518015) clare_net: recv kind=0 type=transcript len=130
I (518043) clare_net: recv kind=0 type=transcript len=130
I (518288) clare_net: recv kind=0 type=transcript len=133
I (518411) clare_net: recv kind=0 type=transcript len=133
I (518462) clare_net: recv kind=0 type=transcript len=133
I (518647) clare_net: recv kind=0 type=transcript len=139
I (518677) clare_net: recv kind=0 type=transcript len=139
I (518708) clare_net: recv kind=0 type=transcript len=139
I (519106) clare_net: recv kind=0 type=transcript len=145
I (519133) clare_net: recv kind=0 type=transcript len=145
I (519166) clare_net: recv kind=0 type=transcript len=145
I (519330) clare_net: recv kind=0 type=transcript len=145
I (519921) clare_net: recv kind=0 type=transcript len=145
I (519923) clare_net: recv kind=0 type=transcript len=145
I (519925) clare_net: recv kind=0 type=transcript len=147
