10000 00600000
I (28) boot:  3 storage          Unknown data     01 82 00610000 00300000
I (28) boot: End of partition table
I (29) esp_image: segment 0: paddr=00010020 vaddr=3c110020 size=7894ch (493900) map
I (102) esp_image: segment 1: paddr=00088974 vaddr=3fcb8d00 size=057cch ( 22476) load
I (107) esp_image: segment 2: paddr=0008e148 vaddr=40374000 size=01ed0h (  7888) load
I (109) esp_image: segment 3: paddr=00090020 vaddr=42000020 size=100760h (1050464) map
I (265) esp_image: segment 4: paddr=00190788 vaddr=40375ed0 size=32d80h (208256) load
I (304) esp_image: segment 5: paddr=001c3510 vaddr=50000000 size=00020h (    32) load
I (324) boot: Loaded app from partition at offset 0x10000
I (324) boot: Disabling RNG early entropy source...
I (326) octal_psram: vendor id    : 0x0d (AP)
I (326) octal_psram: dev id       : 0x02 (generation 3)
I (326) octal_psram: density      : 0x03 (64 Mbit)
I (326) octal_psram: good-die     : 0x01 (Pass)
I (326) octal_psram: Latency      : 0x01 (Fixed)
I (326) octal_psram: VCC          : 0x01 (3V)
I (327) octal_psram: SRF          : 0x01 (Fast Refresh)
I (327) octal_psram: BurstType    : 0x01 (Hybrid Wrap)
I (327) octal_psram: BurstLen     : 0x01 (32 Byte)
I (327) octal_psram: Readlatency  : 0x02 (10 cycles@Fixed)
I (328) octal_psram: DriveStrength: 0x00 (1/1)
I (328) MSPI Timing: Enter psram timing tuning
I (329) esp_psram: Found 8MB PSRAM device
I (329) esp_psram: Speed: 80MHz
I (358) mmu_psram: Read only data copied and mapped to SPIRAM
I (430) mmu_psram: Instructions copied and mapped to SPIRAM
I (430) cpu_start: Multicore app
I (660) esp_psram: SPI SRAM memory test OK
I (669) cpu_start: Pro cpu start user code
I (669) cpu_start: cpu freq: 240000000 Hz
I (669) app_init: Application information:
I (669) app_init: Project name:     Clare_S3
I (669) app_init: App version:      3e09a44-dirty
I (669) app_init: Compile time:     Aug 29 2026 07:02:39
I (669) app_init: ELF file SHA256:  b1ac920de8818404...
I (669) app_init: ESP-IDF:          v5.5.3
I (670) efuse_init: Min chip rev:     v0.0
I (670) efuse_init: Max chip rev:     v0.99 
I (670) efuse_init: Chip rev:         v0.2
I (670) heap_init: Initializing. RAM available for dynamic allocation:
I (670) heap_init: At 3FCD1720 len 00017FF0 (95 KiB): RAM
I (670) heap_init: At 3FCE9710 len 00005724 (21 KiB): RAM
I (671) heap_init: At 3FCF0000 len 00008000 (32 KiB): DRAM
I (671) heap_init: At 600FE000 len 00001FE8 (7 KiB): RTCRAM
I (671) esp_psram: Adding pool of 6579K of PSRAM memory to heap allocator
I (671) esp_psram: Adding pool of 29K of PSRAM memory gap generated due to end address alignment of drom to the heap allocator
I (672) spi_flash: detected chip: gd
I (672) spi_flash: flash io: qio
I (672) sleep_gpio: Configure to isolate all GPIO pins in sleep state
I (673) sleep_gpio: Enable automatic switching of GPIO sleep configuration
I (673) main_task: Started on CPU0
I (674) esp_psram: Reserving pool of 32K of internal memory for DMA/internal allocations
I (674) main_task: Calling app_main()
I (674) clare_s3: Clare S3 starting
I (682) axp2101: Init PMU SUCCESS!
I (689) DisplayPort: SPI BUS init
I (689) DisplayPort: Install panel IO
I (689) co5300: version: 2.1.0
I (689) co5300_spi: LCD panel create success, version: 2.1.0
W (850) co5300_spi: The 3Ah command has been used and will be overwritten by external initialization sequence
I (2124) CST9217: Checkcode: 0x204ECACA
I (2126) CST9217: Resolution X: 466, Y: 466
I (2128) CST9217: Chip Type: 0x9217, ProjectID: 0x5734
I (2128) esp_lvgl:adapter: LVGL adapter initialized successfully
I (2130) esp_lvgl:touch: Touch input device registered successfully (IRQ mode: enabled)
I (2170) esp_lvgl:adapter: LVGL task started successfully
i2c: {sda: 15, scl: 14}
i2s: {mclk: 16, bclk: 9, ws: 45, din: 10, dout: 8}
out: {codec: ES8311, pa: 46, pa_gain: 6, use_mclk: 1}
Codec 0 dir 2 type:1
in: {codec: ES7210}
Codec 1 dir 1 type:2
I (2171) CODEC_INIT: in:1 out:1 port: 1
I (2171) CODEC_INIT: Success to int i2c: 0
I (2172) CODEC_INIT: Init i2s 0 type: 3 mclk:16 bclk:9 ws:45 din:10 dout:8
I (2172) CODEC_INIT: tx:0x3c18a468 rx:0x3c18a624
W (2172) i2s_tdm: the current mclk multiple is too small, adjust the mclk multiple to 384
I (2173) CODEC_INIT: output init tdm ret 0
W (2173) i2s_tdm: the current mclk multiple is too small, adjust the mclk multiple to 384
I (2174) CODEC_INIT: Input init tdm ret 0
I (2174) CODEC_INIT: Init i2s 0 ok
I (2174) CODEC_INIT: Success to init i2s: 0
I (2174) CODEC_INIT: Success to int i2c: 0
I (2174) CODEC_INIT: Success to init i2s: 0
I (2174) CODEC_INIT: Get out handle 0x3c18a468 port 0
I (2179) ES8311: Work in Slave mode
I (2185) ES7210: Work in Slave mode
I (2192) ES7210: Enable ES7210_INPUT_MIC1
I (2194) ES7210: Enable ES7210_INPUT_MIC2
I (2197) ES7210: Enable ES7210_INPUT_MIC3
I (2200) ES7210: Enable ES7210_INPUT_MIC4
I (2203) ES7210: Enable TDM mode
I (2211) I2S_IF: channel mode 2 bits:16/16 channel:2 mask:3
I (2211) I2S_IF: TDM Mode 1 bits:16/16 channel:2 sample_rate:16000 mask:3
I (2226) Adev_Codec: Open codec device OK
I (2226) I2S_IF: channel mode 2 bits:16/16 channel:2 mask:3
I (2226) I2S_IF: TDM Mode 0 bits:16/16 channel:2 sample_rate:16000 mask:3
I (2228) ES7210: Bits 8
I (2235) ES7210: Enable ES7210_INPUT_MIC1
I (2237) ES7210: Enable ES7210_INPUT_MIC2
I (2240) ES7210: Enable ES7210_INPUT_MIC3
I (2243) ES7210: Enable ES7210_INPUT_MIC4
I (2246) ES7210: Enable TDM mode
I (2252) ES7210: Unmuted
I (2252) Adev_Codec: Open codec device OK
I (2252) Adev_Codec: Input already open
I (2252) Adev_Codec: Input already open
I (2261) clare_audio: ALC ready: 16000 Hz mono PCM16, gain 6 dB
E (2354) spi_master: setup_dma_priv_buffer(1206): Failed to allocate priv TX buffer
E (2354) lcd_panel.io.spi: panel_io_spi_tx_color(395): spi transmit (queue) color failed
E (2354) co5300_spi: panel_co5300_draw_bitmap(292): send color data failed
E (2355) esp_lvgl:bridge_v9: Draw bitmap failed: ESP_ERR_NO_MEM
E (2360) spi_master: setup_dma_priv_buffer(1206): Failed to allocate priv TX buffer
E (2360) lcd_panel.io.spi: panel_io_spi_tx_color(395): spi transmit (queue) color failed
E (2360) co5300_spi: panel_co5300_draw_bitmap(292): send color data failed
E (2360) esp_lvgl:bridge_v9: Draw bitmap failed: ESP_ERR_NO_MEM
E (2366) spi_master: setup_dma_priv_buffer(1206): Failed to allocate priv TX buffer
E (2366) lcd_panel.io.spi: panel_io_spi_tx_color(395): spi transmit (queue) color failed
E (2366) co5300_spi: panel_co5300_draw_bitmap(292): send color data failed
E (2366) esp_lvgl:bridge_v9: Draw bitmap failed: ESP_ERR_NO_MEM
E (2371) spi_master: setup_dma_priv_buffer(1206): Failed to allocate priv TX buffer
E (2371) lcd_panel.io.spi: panel_io_spi_tx_color(395): spi transmit (queue) color failed
E (2371) co5300_spi: panel_co5300_draw_bitmap(292): send color data failed
E (2371) esp_lvgl:bridge_v9: Draw bitmap failed: ESP_ERR_NO_MEM
E (2376) spi_master: setup_dma_priv_buffer(1206): Failed to allocate priv TX buffer
E (2377) lcd_panel.io.spi: panel_io_spi_tx_color(395): spi transmit (queue) color failed
E (2377) co5300_spi: panel_co5300_draw_bitmap(292): send color data failed
E (2377) esp_lvgl:bridge_v9: Draw bitmap failed: ESP_ERR_NO_MEM
E (2382) spi_master: setup_dma_priv_buffer(1206): Failed to allocate priv TX buffer
E (2382) lcd_panel.io.spi: panel_io_spi_tx_color(395): spi transmit (queue) color failed
E (2383) co5300_spi: panel_co5300_draw_bitmap(292): send color data failed
E (2383) esp_lvgl:bridge_v9: Draw bitmap failed: ESP_ERR_NO_MEM
E (2387) spi_master: setup_dma_priv_buffer(1206): Failed to allocate priv TX buffer
E (2387) lcd_panel.io.spi: panel_io_spi_tx_color(395): spi transmit (queue) color failed
E (2388) co5300_spi: panel_co5300_draw_bitmap(292): send color data failed
E (2388) esp_lvgl:bridge_v9: Draw bitmap failed: ESP_ERR_NO_MEM
E (2393) spi_master: setup_dma_priv_buffer(1206): Failed to allocate priv TX buffer
E (2393) lcd_panel.io.spi: panel_io_spi_tx_color(395): spi transmit (queue) color failed
E (2393) co5300_spi: panel_co5300_draw_bitmap(292): send color data failed
E (2394) esp_lvgl:bridge_v9: Draw bitmap failed: ESP_ERR_NO_MEM
E (2398) spi_master: setup_dma_priv_buffer(1206): Failed to allocate priv TX buffer
E (2398) lcd_panel.io.spi: panel_io_spi_tx_color(395): spi transmit (queue) color failed
E (2399) co5300_spi: panel_co5300_draw_bitmap(292): send color data failed
E (2399) esp_lvgl:bridge_v9: Draw bitmap failed: ESP_ERR_NO_MEM
I (2409) pp: pp rom version: e7ae62f
I (2410) net80211: net80211 rom version: e7ae62f
I (2411) wifi:wifi driver task: 3fce83d4, prio:23, stack:6656, core=0
I (2415) wifi:wifi firmware version: 4df78f2
I (2415) wifi:wifi certification version: v7.0
I (2415) wifi:config NVS flash: enabled
I (2415) wifi:config nano formatting: disabled
I (2415) wifi:Init data frame dynamic rx buffer num: 32
I (2415) wifi:Init dynamic rx mgmt buffer num: 5
I (2416) wifi:Init management short buffer num: 32
I (2416) wifi:Init static tx buffer num: 16
I (2417) wifi:Init tx cache buffer num: 32
I (2417) wifi:Init static tx FG buffer num: 2
I (2417) wifi:Init static rx buffer size: 1600
W (2417) wifi:malloc buffer fail
I (2417) wifi:Init static rx buffer num: 12
I (2417) wifi:Init dynamic rx buffer num: 32
E (2418) wifi:Expected to init 16 rx buffer, actual is 12
I (2418) wifi:Deinit lldesc rx mblock:0
I (2418) wifi:Deinit lldesc rx mblock:0
I (2418) wifi:Deinit lldesc rx mblock:0
I (2419) wifi:Deinit lldesc rx mblock:0
W (2420) wifi_init: Failed to unregister Rx callbacks
E (2420) wifi_init: Failed to deinit Wi-Fi driver (0x3001)
E (2420) wifi_init: Failed to deinit Wi-Fi (0x3001)
I (2420) clare_s3: Clare UI ready; touch the Clare tile
I (2420) main_task: Returned from app_main()
I (10420) clare_s3: Boot network self-test begin
I (10420) pp: pp rom version: e7ae62f
I (10420) net80211: net80211 rom version: e7ae62f
I (10421) wifi:wifi driver task: 3fcd5798, prio:23, stack:6656, core=0
I (10425) wifi:wifi firmware version: 4df78f2
I (10425) wifi:wifi certification version: v7.0
I (10425) wifi:config NVS flash: enabled
I (10425) wifi:config nano formatting: disabled
I (10425) wifi:Init data frame dynamic rx buffer num: 32
I (10425) wifi:Init dynamic rx mgmt buffer num: 5
I (10426) wifi:Init management short buffer num: 32
I (10426) wifi:Init static tx buffer num: 16
I (10427) wifi:Init tx cache buffer num: 32
I (10427) wifi:Init static tx FG buffer num: 2
I (10427) wifi:Init static rx buffer size: 1600
W (10427) wifi:malloc buffer fail
I (10427) wifi:Init static rx buffer num: 4
I (10427) wifi:Init dynamic rx buffer num: 32
E (10428) wifi:Expected to init 16 rx buffer, actual is 4
I (10428) wifi:Deinit lldesc rx mblock:0
I (10428) wifi:Deinit lldesc rx mblock:0
I (10428) wifi:Deinit lldesc rx mblock:0
I (10429) wifi:Deinit lldesc rx mblock:0
W (10430) wifi_init: Failed to unregister Rx callbacks
E (10430) wifi_init: Failed to deinit Wi-Fi driver (0x3001)
E (10430) wifi_init: Failed to deinit Wi-Fi (0x3001)
W (10430) clare_s3: Boot network self-test Wi-Fi unavailable
