I (633219) clare_s3: Creating meeting session...
I (633219) clare_net: Create session URL ready=1
I (633219) clare_net: HTTP before init free8=5989995 largest8=5767168 free_internal=65443 largest_internal=31744
I (637982) clare_net: HTTP response status=200 bytes=82 truncated=0
I (637984) clare_net: HTTP after cleanup free8=5990879 largest8=5767168
I (637986) clare_s3: Connecting transcription...
I (637987) clare_net: WS pre-start heap free8=5956051 largest8=5767168
I (637988) websocket_client: Started
I (641049) clare_net: WebSocket connected kind=0
I (641050) clare_s3: Listening - recording only
I (641050) clare_s3: Listening - recording only
I (641055) clare_s3: Audio stream started
I (646274) clare_net: recv kind=0 type=transcript len=79
I (646300) clare_net: recv kind=0 type=transcript len=79
I (646412) clare_net: recv kind=0 type=transcript len=79
I (647112) clare_net: recv kind=0 type=transcript len=85
I (647113) clare_net: recv kind=0 type=transcript len=85
I (647115) clare_net: recv kind=0 type=transcript len=85
I (647117) clare_net: recv kind=0 type=transcript len=100
I (647119) clare_net: recv kind=0 type=transcript len=100
I (647121) clare_net: recv kind=0 type=transcript len=100
I (647370) clare_net: recv kind=0 type=transcript len=106
I (647390) clare_net: recv kind=0 type=transcript len=106
I (647418) clare_net: recv kind=0 type=transcript len=106
I (647557) clare_net: recv kind=0 type=transcript len=106
I (647827) clare_net: recv kind=0 type=transcript len=112
I (647848) clare_net: recv kind=0 type=transcript len=112
I (647879) clare_net: recv kind=0 type=transcript len=112
I (648151) clare_net: recv kind=0 type=transcript len=112
I (648177) clare_net: recv kind=0 type=transcript len=112
I (648792) clare_net: recv kind=0 type=transcript len=112
I (648793) clare_net: recv kind=0 type=transcript len=112
I (648795) clare_net: recv kind=0 type=transcript len=112
I (648797) clare_net: recv kind=0 type=transcript len=112
I (648799) clare_net: recv kind=0 type=transcript len=115
I (648801) clare_net: recv kind=0 type=transcript len=115
I (648802) clare_net: recv kind=0 type=transcript len=115
I (649985) clare_net: recv kind=0 type=transcript len=120
I (649989) clare_net: recv kind=0 type=transcript len=120
I (649991) clare_net: recv kind=0 type=transcript len=120
I (649992) clare_net: recv kind=0 type=transcript len=120
I (649994) clare_net: recv kind=0 type=transcript len=120
I (649996) clare_net: recv kind=0 type=transcript len=120
I (649998) clare_net: recv kind=0 type=transcript len=120
I (650169) clare_net: recv kind=0 type=transcript len=126
I (650171) clare_net: recv kind=0 type=transcript len=126
I (650172) clare_net: recv kind=0 type=transcript len=126
I (650174) clare_net: recv kind=0 type=transcript len=135
I (650176) clare_net: recv kind=0 type=transcript len=135
I (650178) clare_net: recv kind=0 type=transcript len=135
I (650212) clare_net: recv kind=0 type=transcript len=135
I (650255) clare_net: recv kind=0 type=transcript len=135
I (650277) clare_net: recv kind=0 type=transcript len=135
I (650455) clare_net: recv kind=0 type=transcript len=135
I (651105) clare_net: recv kind=0 type=transcript len=135
I (651107) clare_net: recv kind=0 type=transcript len=135
I (651109) clare_net: recv kind=0 type=transcript len=137
I (652161) clare_net: recv kind=0 type=transcript len=82
I (652196) clare_net: recv kind=0 type=transcript len=82
I (652231) clare_net: recv kind=0 type=transcript len=82
I (652443) clare_net: recv kind=0 type=transcript len=82
I (652477) clare_net: recv kind=0 type=transcript len=82
I (652649) clare_net: recv kind=0 type=transcript len=82
I (652905) clare_net: recv kind=0 type=transcript len=91
I (653133) clare_net: recv kind=0 type=transcript len=91
I (653160) clare_net: recv kind=0 type=transcript len=91
I (653413) clare_net: recv kind=0 type=transcript len=97
I (653440) clare_net: recv kind=0 type=transcript len=97
I (653946) clare_net: recv kind=0 type=transcript len=97
I (653948) clare_net: recv kind=0 type=transcript len=100
I (653950) clare_net: recv kind=0 type=transcript len=100
I (653952) clare_net: recv kind=0 type=transcript len=100
I (653954) clare_net: recv kind=0 type=transcript len=100
I (654017) clare_net: recv kind=0 type=transcript len=106
I (654158) clare_net: recv kind=0 type=transcript len=106
I (654160) clare_net: recv kind=0 type=transcript len=106
I (654344) clare_net: recv kind=0 type=transcript len=109
I (654371) clare_net: recv kind=0 type=transcript len=109
I (654399) clare_net: recv kind=0 type=transcript len=109
I (654534) clare_net: recv kind=0 type=transcript len=115
I (654569) clare_net: recv kind=0 type=transcript len=115
I (654592) clare_net: recv kind=0 type=transcript len=115
I (654812) clare_net: recv kind=0 type=transcript len=115
I (654833) clare_net: recv kind=0 type=transcript len=115
I (654864) clare_net: recv kind=0 type=transcript len=115
I (655508) clare_net: recv kind=0 type=transcript len=121
I (655509) clare_net: recv kind=0 type=transcript len=121
I (655511) clare_net: recv kind=0 type=transcript len=121
I (655513) clare_net: recv kind=0 type=transcript len=121
I (655762) clare_net: recv kind=0 type=transcript len=121
I (655764) clare_net: recv kind=0 type=transcript len=121
I (655765) clare_net: recv kind=0 type=transcript len=121
I (655769) clare_net: recv kind=0 type=transcript len=121
I (655796) clare_net: recv kind=0 type=transcript len=121
I (655829) clare_net: recv kind=0 type=transcript len=121
I (656133) clare_net: recv kind=0 type=transcript len=127
I (656164) clare_net: recv kind=0 type=transcript len=127
I (656190) clare_net: recv kind=0 type=transcript len=127
I (656839) clare_net: recv kind=0 type=transcript len=130
I (656841) clare_net: recv kind=0 type=transcript len=130
I (656843) clare_net: recv kind=0 type=transcript len=130
I (656844) clare_net: recv kind=0 type=transcript len=133
I (656846) clare_net: recv kind=0 type=transcript len=133
I (656848) clare_net: recv kind=0 type=transcript len=133
I (656850) clare_net: recv kind=0 type=transcript len=133
I (657053) clare_net: recv kind=0 type=transcript len=133
I (657059) clare_net: recv kind=0 type=transcript len=135
I (658432) clare_net: recv kind=0 type=transcript len=85
I (658470) clare_net: recv kind=0 type=transcript len=85
I (658598) clare_net: recv kind=0 type=transcript len=85
I (659038) clare_net: recv kind=0 type=transcript len=94
I (659060) clare_net: recv kind=0 type=transcript len=94
I (659093) clare_net: recv kind=0 type=transcript len=94
I (659123) clare_net: recv kind=0 type=transcript len=94
I (659370) clare_net: recv kind=0 type=transcript len=103
I (659399) clare_net: recv kind=0 type=transcript len=103
I (659423) clare_net: recv kind=0 type=transcript len=103
I (660124) clare_net: recv kind=0 type=transcript len=109
I (660126) clare_net: recv kind=0 type=transcript len=109
I (660128) clare_net: recv kind=0 type=transcript len=109
I (660130) clare_net: recv kind=0 type=transcript len=109
I (660131) clare_net: recv kind=0 type=transcript len=109
I (660133) clare_net: recv kind=0 type=transcript len=109
I (660135) clare_net: recv kind=0 type=transcript len=109
I (660137) clare_net: recv kind=0 type=transcript len=109
I (660353) clare_net: recv kind=0 type=transcript len=109
I (660355) clare_net: recv kind=0 type=transcript len=109
I (660357) clare_net: recv kind=0 type=transcript len=109
I (660359) clare_net: recv kind=0 type=transcript len=109
I (660361) clare_net: recv kind=0 type=transcript len=109
I (660468) clare_net: recv kind=0 type=transcript len=118
I (660492) clare_net: recv kind=0 type=transcript len=118
I (660525) clare_net: recv kind=0 type=transcript len=118
I (660712) clare_net: recv kind=0 type=transcript len=124
I (661369) clare_net: recv kind=0 type=transcript len=124
I (661371) clare_net: recv kind=0 type=transcript len=124
I (661373) clare_net: recv kind=0 type=transcript len=130
I (661374) clare_net: recv kind=0 type=transcript len=130
I (661376) clare_net: recv kind=0 type=transcript len=130
I (661381) clare_net: recv kind=0 type=transcript len=139
I (661554) clare_net: recv kind=0 type=transcript len=139
I (661564) clare_net: recv kind=0 type=transcript len=139
I (661772) clare_net: recv kind=0 type=transcript len=139
I (661804) clare_net: recv kind=0 type=transcript len=139
I (661849) clare_net: recv kind=0 type=transcript len=139
I (661869) clare_net: recv kind=0 type=transcript len=139
I (662206) clare_net: recv kind=0 type=transcript len=145
I (662223) clare_net: recv kind=0 type=transcript len=145
I (662257) clare_net: recv kind=0 type=transcript len=145
I (663936) clare_net: recv kind=0 type=transcript len=151
I (663938) clare_net: recv kind=0 type=transcript len=151
I (663940) clare_net: recv kind=0 type=transcript len=151
I (663942) clare_net: recv kind=0 type=transcript len=151
I (663943) clare_net: recv kind=0 type=transcript len=151
I (663945) clare_net: recv kind=0 type=transcript len=151
I (663947) clare_net: recv kind=0 type=transcript len=151
I (664168) clare_net: recv kind=0 type=transcript len=151
I (664169) clare_net: recv kind=0 type=transcript len=151
I (664171) clare_net: recv kind=0 type=transcript len=157
I (664173) clare_net: recv kind=0 type=transcript len=157
I (664175) clare_net: recv kind=0 type=transcript len=157
I (664177) clare_net: recv kind=0 type=transcript len=157
I (664179) clare_net: recv kind=0 type=transcript len=166
I (664181) clare_net: recv kind=0 type=transcript len=166
I (664182) clare_net: recv kind=0 type=transcript len=166
I (664184) clare_net: recv kind=0 type=transcript len=166
I (664186) clare_net: recv kind=0 type=transcript len=166
I (664188) clare_net: recv kind=0 type=transcript len=166
I (664351) clare_net: recv kind=0 type=transcript len=175
I (664382) clare_net: recv kind=0 type=transcript len=175
I (664417) clare_net: recv kind=0 type=transcript len=175
I (664693) clare_net: recv kind=0 type=transcript len=178
I (664736) clare_net: recv kind=0 type=transcript len=178
I (664767) clare_net: recv kind=0 type=transcript len=178
I (665077) clare_net: recv kind=0 type=transcript len=181
I (665106) clare_net: recv kind=0 type=transcript len=181
I (665134) clare_net: recv kind=0 type=transcript len=181
I (665163) clare_net: recv kind=0 type=transcript len=181
I (665487) clare_net: recv kind=0 type=transcript len=184
I (665525) clare_net: recv kind=0 type=transcript len=184
I (665554) clare_net: recv kind=0 type=transcript len=184
I (666187) clare_net: recv kind=0 type=transcript len=184
I (666189) clare_net: recv kind=0 type=transcript len=184
I (666191) clare_net: recv kind=0 type=transcript len=184
I (666192) clare_net: recv kind=0 type=transcript len=184
I (666194) clare_net: recv kind=0 type=transcript len=184
I (666353) clare_net: recv kind=0 type=transcript len=186
I (669402) clare_net: recv kind=0 type=transcript len=79
I (669442) clare_net: recv kind=0 type=transcript len=79
I (669467) clare_net: recv kind=0 type=transcript len=79
I (669679) clare_net: recv kind=0 type=transcript len=79
I (669708) clare_net: recv kind=0 type=transcript len=79
I (669735) clare_net: recv kind=0 type=transcript len=79
I (670005) clare_net: recv kind=0 type=transcript len=91
I (670034) clare_net: recv kind=0 type=transcript len=91
I (670068) clare_net: recv kind=0 type=transcript len=91
I (670094) clare_net: recv kind=0 type=transcript len=91
I (670219) clare_net: recv kind=0 type=transcript len=91
I (670904) clare_net: recv kind=0 type=transcript len=91
I (670906) clare_net: recv kind=0 type=transcript len=91
I (670907) clare_net: recv kind=0 type=transcript len=91
I (670909) clare_net: recv kind=0 type=transcript len=91
I (670911) clare_net: recv kind=0 type=transcript len=91
I (671157) clare_net: recv kind=0 type=transcript len=100
I (671159) clare_net: recv kind=0 type=transcript len=100
I (671161) clare_net: recv kind=0 type=transcript len=100
I (671235) clare_net: recv kind=0 type=transcript len=100
I (671267) clare_net: recv kind=0 type=transcript len=100
I (671296) clare_net: recv kind=0 type=transcript len=100
I (671610) clare_net: recv kind=0 type=transcript len=103
I (672252) clare_net: recv kind=0 type=transcript len=103
I (672254) clare_net: recv kind=0 type=transcript len=103
I (672256) clare_net: recv kind=0 type=transcript len=103
I (672258) clare_net: recv kind=0 type=transcript len=109
I (672259) clare_net: recv kind=0 type=transcript len=109
I (672261) clare_net: recv kind=0 type=transcript len=109
I (672392) clare_net: recv kind=0 type=transcript len=109
I (672460) clare_net: recv kind=0 type=transcript len=111
I (674176) clare_net: recv kind=0 type=transcript len=82
I (674785) clare_net: recv kind=0 type=transcript len=82
I (674786) clare_net: recv kind=0 type=transcript len=82
I (674788) clare_net: recv kind=0 type=transcript len=85
I (674790) clare_net: recv kind=0 type=transcript len=85
I (674792) clare_net: recv kind=0 type=transcript len=85
I (674972) clare_net: recv kind=0 type=transcript len=94
I (674974) clare_net: recv kind=0 type=transcript len=94
I (674976) clare_net: recv kind=0 type=transcript len=94
I (675211) clare_net: recv kind=0 type=transcript len=94
I (675242) clare_net: recv kind=0 type=transcript len=94
I (675880) clare_net: recv kind=0 type=transcript len=94
I (675882) clare_net: recv kind=0 type=transcript len=94
I (675884) clare_net: recv kind=0 type=transcript len=94
I (675886) clare_net: recv kind=0 type=transcript len=94
I (675888) clare_net: recv kind=0 type=transcript len=94
I (675889) clare_net: recv kind=0 type=transcript len=94
I (675896) clare_net: recv kind=0 type=transcript len=94
I (676061) clare_net: recv kind=0 type=transcript len=94
I (676063) clare_net: recv kind=0 type=transcript len=94
I (676074) clare_net: recv kind=0 type=transcript len=97
I (676934) clare_net: recv kind=0 type=transcript len=97
I (676935) clare_net: recv kind=0 type=transcript len=103
I (676937) clare_net: recv kind=0 type=transcript len=103
I (676939) clare_net: recv kind=0 type=transcript len=103
I (676941) clare_net: recv kind=0 type=transcript len=106
I (677190) clare_net: recv kind=0 type=transcript len=106
I (677191) clare_net: recv kind=0 type=transcript len=106
I (677193) clare_net: recv kind=0 type=transcript len=106
I (677481) clare_net: recv kind=0 type=transcript len=109
I (677505) clare_net: recv kind=0 type=transcript len=109
I (677532) clare_net: recv kind=0 type=transcript len=109
I (677735) clare_net: recv kind=0 type=transcript len=115
I (677757) clare_net: recv kind=0 type=transcript len=115
I (677784) clare_net: recv kind=0 type=transcript len=115
I (677952) clare_net: recv kind=0 type=transcript len=115
I (677984) clare_net: recv kind=0 type=transcript len=115
I (678017) clare_net: recv kind=0 type=transcript len=115
I (678144) clare_net: recv kind=0 type=transcript len=115
I (678172) clare_net: recv kind=0 type=transcript len=115
I (678785) clare_net: recv kind=0 type=transcript len=117
I (680000) clare_net: recv kind=0 type=transcript len=79
I (680001) clare_net: recv kind=0 type=transcript len=79
I (680003) clare_net: recv kind=0 type=transcript len=79
I (680005) clare_net: recv kind=0 type=transcript len=79
I (680261) clare_net: recv kind=0 type=transcript len=79
I (680263) clare_net: recv kind=0 type=transcript len=79
I (680264) clare_net: recv kind=0 type=transcript len=82
I (680272) clare_net: recv kind=0 type=transcript len=84
I (682191) clare_net: recv kind=0 type=transcript len=85
I (682248) clare_net: recv kind=0 type=transcript len=85
I (682278) clare_net: recv kind=0 type=transcript len=85
I (682608) clare_net: recv kind=0 type=transcript len=91
I (683077) clare_net: recv kind=0 type=transcript len=91
I (683107) clare_net: recv kind=0 type=transcript len=91
I (683531) clare_net: recv kind=0 type=transcript len=97
I (683559) clare_net: recv kind=0 type=transcript len=97
I (684188) clare_net: recv kind=0 type=transcript len=97
I (684190) clare_net: recv kind=0 type=transcript len=100
I (684192) clare_net: recv kind=0 type=transcript len=100
I (684194) clare_net: recv kind=0 type=transcript len=100
I (684196) clare_net: recv kind=0 type=transcript len=100
I (687297) clare_net: recv kind=0 type=transcript len=106
I (687299) clare_net: recv kind=0 type=transcript len=106
I (687300) clare_net: recv kind=0 type=transcript len=106
I (687302) clare_net: recv kind=0 type=transcript len=118
I (687565) clare_net: recv kind=0 type=transcript len=118
I (687567) clare_net: recv kind=0 type=transcript len=118
I (687569) clare_net: recv kind=0 type=transcript len=124
I (687571) clare_net: recv kind=0 type=transcript len=124
I (687572) clare_net: recv kind=0 type=transcript len=124
I (687574) clare_net: recv kind=0 type=transcript len=133
I (687576) clare_net: recv kind=0 type=transcript len=133
I (687578) clare_net: recv kind=0 type=transcript len=133
I (687580) clare_net: recv kind=0 type=transcript len=136
I (687582) clare_net: recv kind=0 type=transcript len=136
I (687583) clare_net: recv kind=0 type=transcript len=136
I (687585) clare_net: recv kind=0 type=transcript len=136
I (687587) clare_net: recv kind=0 type=transcript len=136
I (687593) clare_net: recv kind=0 type=transcript len=136
I (687594) clare_net: recv kind=0 type=transcript len=138
I (688019) clare_net: recv kind=0 type=transcript len=79
I (688053) clare_net: recv kind=0 type=transcript len=79
I (688694) clare_net: recv kind=0 type=transcript len=79
I (688696) clare_net: recv kind=0 type=transcript len=87
I (690776) clare_net: recv kind=0 type=transcript len=84
I (690810) clare_net: recv kind=0 type=transcript len=87
I (691320) clare_net: recv kind=0 type=transcript len=87
I (691534) clare_net: recv kind=0 type=transcript len=86
I (691559) clare_net: recv kind=0 type=transcript len=86
I (691587) clare_net: recv kind=0 type=transcript len=86
I (691612) clare_net: recv kind=0 type=transcript len=86
I (691765) clare_net: recv kind=0 type=transcript len=94
I (691795) clare_net: recv kind=0 type=transcript len=94
I (691825) clare_net: recv kind=0 type=transcript len=94
I (691907) clare_net: recv kind=0 type=transcript len=94
I (692586) clare_net: recv kind=0 type=transcript len=94
I (692590) clare_net: recv kind=0 type=transcript len=94
I (692591) clare_net: recv kind=0 type=transcript len=94
I (692593) clare_net: recv kind=0 type=transcript len=94
I (692595) clare_net: recv kind=0 type=transcript len=94
I (692597) clare_net: recv kind=0 type=transcript len=100
I (692598) clare_net: recv kind=0 type=transcript len=100
I (692600) clare_net: recv kind=0 type=transcript len=100
I (692798) clare_net: recv kind=0 type=transcript len=112
I (693457) clare_net: recv kind=0 type=transcript len=112
I (693459) clare_net: recv kind=0 type=transcript len=112
I (693461) clare_net: recv kind=0 type=transcript len=112
I (693463) clare_net: recv kind=0 type=transcript len=117
I (694530) clare_net: recv kind=0 type=transcript len=117
I (694532) clare_net: recv kind=0 type=transcript len=117
I (694534) clare_net: recv kind=0 type=transcript len=124
I (694535) clare_net: recv kind=0 type=transcript len=124
I (694537) clare_net: recv kind=0 type=transcript len=124
I (696521) clare_net: recv kind=0 type=transcript len=133
I (696523) clare_net: recv kind=0 type=transcript len=133
I (696525) clare_net: recv kind=0 type=transcript len=133
I (696527) clare_net: recv kind=0 type=transcript len=139
I (696528) clare_net: recv kind=0 type=transcript len=139
I (696530) clare_net: recv kind=0 type=transcript len=139
I (696532) clare_net: recv kind=0 type=transcript len=139
I (696534) clare_net: recv kind=0 type=transcript len=139
I (696757) clare_net: recv kind=0 type=transcript len=139
I (696759) clare_net: recv kind=0 type=transcript len=139
I (696761) clare_net: recv kind=0 type=transcript len=144
I (696763) clare_net: recv kind=0 type=transcript len=144
I (696765) clare_net: recv kind=0 type=transcript len=144
I (696767) clare_net: recv kind=0 type=transcript len=156
I (696769) clare_net: recv kind=0 type=transcript len=156
I (696771) clare_net: recv kind=0 type=transcript len=156
I (696772) clare_net: recv kind=0 type=transcript len=165
I (696774) clare_net: recv kind=0 type=transcript len=165
I (696776) clare_net: recv kind=0 type=transcript len=165
I (696778) clare_net: recv kind=0 type=transcript len=165
I (696780) clare_net: recv kind=0 type=transcript len=165
I (696782) clare_net: recv kind=0 type=transcript len=165
I (696784) clare_net: recv kind=0 type=transcript len=165
I (696785) clare_net: recv kind=0 type=transcript len=165
I (696787) clare_net: recv kind=0 type=transcript len=167
I (699423) clare_net: recv kind=0 type=transcript len=82
I (699425) clare_net: recv kind=0 type=transcript len=82
I (699426) clare_net: recv kind=0 type=transcript len=82
I (699428) clare_net: recv kind=0 type=transcript len=90
I (699430) clare_net: recv kind=0 type=transcript len=90
I (699432) clare_net: recv kind=0 type=transcript len=90
I (699434) clare_net: recv kind=0 type=transcript len=90
I (699436) clare_net: recv kind=0 type=transcript len=86
I (699437) clare_net: recv kind=0 type=transcript len=86
I (699439) clare_net: recv kind=0 type=transcript len=86
I (703180) clare_net: recv kind=0 type=transcript len=96
I (703182) clare_net: recv kind=0 type=transcript len=96
I (703183) clare_net: recv kind=0 type=transcript len=96
I (703185) clare_net: recv kind=0 type=transcript len=96
I (703187) clare_net: recv kind=0 type=transcript len=98
I (703364) clare_net: recv kind=0 type=transcript len=82
I (703366) clare_net: recv kind=0 type=transcript len=82
I (703368) clare_net: recv kind=0 type=transcript len=82
I (704012) clare_net: recv kind=0 type=transcript len=91
I (704014) clare_net: recv kind=0 type=transcript len=91
I (704016) clare_net: recv kind=0 type=transcript len=91
I (704017) clare_net: recv kind=0 type=transcript len=97
I (704019) clare_net: recv kind=0 type=transcript len=97
I (704021) clare_net: recv kind=0 type=transcript len=97
I (704259) clare_net: recv kind=0 type=transcript len=97
I (704261) clare_net: recv kind=0 type=transcript len=97
I (704263) clare_net: recv kind=0 type=transcript len=97
I (704264) clare_net: recv kind=0 type=transcript len=97
I (704391) clare_net: recv kind=0 type=transcript len=97
I (704985) clare_net: recv kind=0 type=transcript len=97
I (704987) clare_net: recv kind=0 type=transcript len=97
I (704989) clare_net: recv kind=0 type=transcript len=97
I (704991) clare_net: recv kind=0 type=transcript len=97
I (704993) clare_net: recv kind=0 type=transcript len=97
I (705166) clare_net: recv kind=0 type=transcript len=99
I (716474) clare_net: recv kind=0 type=transcript len=81
I (718672) clare_net: recv kind=0 type=transcript len=82
I (719057) clare_net: recv kind=0 type=transcript len=82
I (719084) clare_net: recv kind=0 type=transcript len=82
I (720178) clare_net: WS pre-start heap free8=5858111 largest8=5767168
I (720179) websocket_client: Started
I (720518) clare_net: recv kind=0 type=transcript len=82
I (720520) clare_net: recv kind=0 type=transcript len=94
I (720522) clare_net: recv kind=0 type=transcript len=94
I (720524) clare_net: recv kind=0 type=transcript len=94
I (720759) clare_net: recv kind=0 type=transcript len=100
I (720761) clare_net: recv kind=0 type=transcript len=100
I (720763) clare_net: recv kind=0 type=transcript len=100
I (720765) clare_net: recv kind=0 type=transcript len=103
I (720767) clare_net: recv kind=0 type=transcript len=103
I (720769) clare_net: recv kind=0 type=transcript len=103
I (720771) clare_net: recv kind=0 type=transcript len=109
I (720773) clare_net: recv kind=0 type=transcript len=109
I (720775) clare_net: recv kind=0 type=transcript len=109
I (720822) clare_net: recv kind=0 type=transcript len=115
I (720847) clare_net: recv kind=0 type=transcript len=115
I (720871) clare_net: recv kind=0 type=transcript len=115
I (720959) clare_net: recv kind=0 type=transcript len=115
I (721207) clare_net: recv kind=0 type=transcript len=124
I (721239) clare_net: recv kind=0 type=transcript len=124
I (721271) clare_net: recv kind=0 type=transcript len=124
I (722420) clare_net: WebSocket connected kind=1
I (722420) clare_s3: Ask Clare a question
I (722420) clare_s3: Ask Clare a question
I (722817) clare_net: recv kind=0 type=transcript len=130
I (722819) clare_net: recv kind=0 type=transcript len=130
I (722821) clare_net: recv kind=0 type=transcript len=130
I (722823) clare_net: recv kind=0 type=transcript len=130
I (722825) clare_net: recv kind=0 type=transcript len=130
I (722827) clare_net: recv kind=0 type=transcript len=130
I (722829) clare_net: recv kind=0 type=transcript len=130
I (722831) clare_net: recv kind=0 type=transcript len=130
I (722833) clare_net: recv kind=0 type=transcript len=130
I (722993) clare_net: recv kind=0 type=transcript len=130
I (722995) clare_net: recv kind=0 type=transcript len=132
I (730609) clare_s3: Clare is answering...
I (731681) clare_s3: Network error - check Wi-Fi/API
I (735308) clare_net: recv kind=0 type=transcript len=79
I (735405) clare_net: recv kind=0 type=transcript len=79
I (736131) clare_net: recv kind=0 type=transcript len=79
I (736135) clare_net: recv kind=0 type=transcript len=82
I (736136) clare_net: recv kind=0 type=transcript len=82
I (736138) clare_net: recv kind=0 type=transcript len=82
I (736140) clare_net: recv kind=0 type=transcript len=84
I (736756) clare_s3: Network error - check Wi-Fi/API
I (736756) clare_s3: Network error - check Wi-Fi/API
I (736758) clare_s3: Network error - check Wi-Fi/API
I (736760) clare_s3: Network error - check Wi-Fi/API
I (736762) clare_s3: Network error - check Wi-Fi/API
I (736764) clare_s3: Network error - check Wi-Fi/API
I (736787) clare_s3: Network error - check Wi-Fi/API
I (737783) clare_s3: Network error - check Wi-Fi/API
I (737785) clare_s3: Network error - check Wi-Fi/API
I (737787) clare_s3: Network error - check Wi-Fi/API
I (737789) clare_s3: Network error - check Wi-Fi/API
I (737791) clare_s3: Network error - check Wi-Fi/API
I (737793) clare_s3: Network error - check Wi-Fi/API
