ESP-ROM:esp32s3-20210327
Build:Mar 27 2021
rst:0x15 (USB_UART_CHIP_RESET),boot:0x2b (SPI_FAST_FLASH_BOOT)
Saved PC:0x40396b66
SPIWP:0xee
mode:DIO, clock div:1
load:0x3fce2820,len:0x16a4
load:0x403c8700,len:0xe80
load:0x403cb700,len:0x3188
entry 0x403c8948
I (24) boot: ESP-IDF v5.5.3 2nd stage bootloader
I (24) boot: compile time Sep  6 2026 19:28:57
I (25) boot: Multicore bootloader
I (25) boot: chip revision: v0.2
I (25) boot: efuse block revision: v1.4
I (25) qio_mode: Enabling default flash chip QIO
I (25) boot.esp32s3: Boot SPI Speed : 80MHz
I (26) boot.esp32s3: SPI Mode       : QIO
I (26) boot.esp32s3: SPI Flash Size : 16MB
I (26) boot: Enabling RNG early entropy source...
I (26) boot: Partition Table:
I (26) boot: ## Label            Usage          Type ST Offset   Length
I (27) boot:  0 nvs              WiFi data        01 02 00009000 00006000
I (27) boot:  1 phy_init         RF data          01 01 0000f000 00001000
I (27) boot:  2 factory          factory app      00 00 00010000 00600000
I (28) boot:  3 storage          Unknown data     01 82 00610000 00300000
I (28) boot: End of partition table
I (29) esp_image: segment 0: paddr=00010020 vaddr=3c110020 size=138b50h (1280848) map
I (219) esp_image: segment 1: paddr=00148b78 vaddr=3fcb4700 size=057fch ( 22524) load
I (223) esp_image: segment 2: paddr=0014e37c vaddr=40374000 size=01c9ch (  7324) load
I (225) esp_image: segment 3: paddr=00150020 vaddr=42000020 size=1085d0h (1082832) map
I (386) esp_image: segment 4: paddr=002585f8 vaddr=40375c9c size=2e96ch (190828) load
I (422) esp_image: segment 5: paddr=00286f6c vaddr=50000000 size=00020h (    32) load
I (441) boot: Loaded app from partition at offset 0x10000
I (441) boot: Disabling RNG early entropy source...
I (442) octal_psram: vendor id    : 0x0d (AP)
I (442) octal_psram: dev id       : 0x02 (generation 3)
I (442) octal_psram: density      : 0x03 (64 Mbit)
I (442) octal_psram: good-die     : 0x01 (Pass)
I (442) octal_psram: Latency      : 0x01 (Fixed)
I (443) octal_psram: VCC          : 0x01 (3V)
I (443) octal_psram: SRF          : 0x01 (Fast Refresh)
I (443) octal_psram: BurstType    : 0x01 (Hybrid Wrap)
I (443) octal_psram: BurstLen     : 0x01 (32 Byte)
I (444) octal_psram: Readlatency  : 0x02 (10 cycles@Fixed)
I (444) octal_psram: DriveStrength: 0x00 (1/1)
I (444) MSPI Timing: Enter psram timing tuning
I (445) esp_psram: Found 8MB PSRAM device
I (445) esp_psram: Speed: 80MHz
I (518) mmu_psram: Read only data copied and mapped to SPIRAM
I (590) mmu_psram: Instructions copied and mapped to SPIRAM
I (590) cpu_start: Multicore app
I (793) esp_psram: SPI SRAM memory test OK
I (802) cpu_start: Pro cpu start user code
I (802) cpu_start: cpu freq: 240000000 Hz
I (802) app_init: Application information:
I (802) app_init: Project name:     Clare_S3
I (802) app_init: App version:      7415ccb
I (802) app_init: Compile time:     Sep 20 2026 16:29:55
I (803) app_init: ELF file SHA256:  5a3402e198b0880a...
I (803) app_init: ESP-IDF:          v5.5.3
I (803) efuse_init: Min chip rev:     v0.0
I (803) efuse_init: Max chip rev:     v0.99 
I (803) efuse_init: Chip rev:         v0.2
I (803) heap_init: Initializing. RAM available for dynamic allocation:
I (804) heap_init: At 3FCBD708 len 0002C008 (176 KiB): RAM
I (804) heap_init: At 3FCE9710 len 00005724 (21 KiB): RAM
I (804) heap_init: At 3FCF0000 len 00008000 (32 KiB): DRAM
I (804) heap_init: At 600FE000 len 00001FE8 (7 KiB): RTCRAM
I (804) esp_psram: Adding pool of 5797K of PSRAM memory to heap allocator
I (804) esp_psram: Adding pool of 29K of PSRAM memory gap generated due to end address alignment of drom to the heap allocator
I (805) spi_flash: detected chip: generic
I (805) spi_flash: flash io: qio
I (806) sleep_gpio: Configure to isolate all GPIO pins in sleep state
I (806) sleep_gpio: Enable automatic switching of GPIO sleep configuration
I (806) main_task: Started on CPU0
I (807) esp_psram: Reserving pool of 32K of internal memory for DMA/internal allocations
I (807) main_task: Calling app_main()
I (807) clare_s3: Clare S3 starting
I (821) axp2101: Init PMU SUCCESS!
I (827) DisplayPort: SPI BUS init
I (828) DisplayPort: Install panel IO
I (828) co5300: version: 2.1.0
I (828) co5300_spi: LCD panel create success, version: 2.1.0
W (1588) co5300_spi: The 3Ah command has been used and will be overwritten by external initialization sequence
W (1588) co5300_spi: The 36h command has been used and will be overwritten by external initialization sequence
I (2263) CST9217: Checkcode: 0x204ECACA
I (2265) CST9217: Resolution X: 480, Y: 480
I (2267) CST9217: Chip Type: 0x9220, ProjectID: 0x542F
I (2267) esp_lvgl:adapter: LVGL adapter initialized successfully
I (2270) esp_lvgl:touch: Touch input device registered successfully (IRQ mode: enabled)
I (2301) esp_lvgl:adapter: LVGL task started successfully
i2c: {sda: 15, scl: 14}
i2s: {mclk: 42, bclk: 9, ws: 45, din: 10, dout: 8}
out: {codec: ES8311, pa: 46, pa_gain: 6, use_mclk: 1}
Codec 0 dir 2 type:1
in: {codec: ES7210}
Codec 1 dir 1 type:2
I (2302) CODEC_INIT: in:1 out:1 port: 1
I (2303) CODEC_INIT: Success to int i2c: 0
I (2303) CODEC_INIT: Init i2s 0 type: 3 mclk:42 bclk:9 ws:45 din:10 dout:8
I (2303) CODEC_INIT: tx:0x3c24c400 rx:0x3c24c5bc
W (2303) i2s_tdm: the current mclk multiple is too small, adjust the mclk multiple to 384
I (2304) CODEC_INIT: output init tdm ret 0
W (2304) i2s_tdm: the current mclk multiple is too small, adjust the mclk multiple to 384
I (2305) CODEC_INIT: Input init tdm ret 0
I (2305) CODEC_INIT: Init i2s 0 ok
I (2305) CODEC_INIT: Success to init i2s: 0
I (2305) CODEC_INIT: Success to int i2c: 0
I (2305) CODEC_INIT: Success to init i2s: 0
I (2305) CODEC_INIT: Get out handle 0x3c24c400 port 0
I (2310) ES8311: Work in Slave mode
I (2317) ES7210: Work in Slave mode
I (2323) ES7210: Enable ES7210_INPUT_MIC1
I (2326) ES7210: Enable ES7210_INPUT_MIC2
I (2329) ES7210: Enable ES7210_INPUT_MIC3
I (2331) ES7210: Enable ES7210_INPUT_MIC4
I (2335) ES7210: Enable TDM mode
I (2342) I2S_IF: channel mode 2 bits:16/16 channel:2 mask:3
I (2342) I2S_IF: TDM Mode 1 bits:16/16 channel:2 sample_rate:16000 mask:3
I (2357) Adev_Codec: Open codec device OK
I (2358) I2S_IF: channel mode 2 bits:16/16 channel:2 mask:3
I (2358) I2S_IF: TDM Mode 0 bits:16/16 channel:2 sample_rate:16000 mask:3
I (2359) ES7210: Bits 8
I (2366) ES7210: Enable ES7210_INPUT_MIC1
I (2369) ES7210: Enable ES7210_INPUT_MIC2
I (2372) ES7210: Enable ES7210_INPUT_MIC3
I (2375) ES7210: Enable ES7210_INPUT_MIC4
I (2378) ES7210: Enable TDM mode
I (2384) ES7210: Unmuted
I (2384) Adev_Codec: Open codec device OK
I (2384) Adev_Codec: Input already open
I (2384) Adev_Codec: Input already open
I (2388) Adev_Codec: Input already open
I (2388) Adev_Codec: Input already open
I (2388) clare_audio: ready: 16000 Hz, 16-bit, 2 codec channels, mono network PCM
I (2394) clare_audio: ALC ready: 16000 Hz mono PCM16, gain 6 dB
I (2515) pp: pp rom version: e7ae62f
I (2515) net80211: net80211 rom version: e7ae62f
I (2517) wifi:wifi driver task: 3fcdebe0, prio:23, stack:6656, core=0
I (2522) wifi:wifi firmware version: 4df78f2
I (2522) wifi:wifi certification version: v7.0
I (2523) wifi:config NVS flash: enabled
I (2523) wifi:config nano formatting: disabled
I (2523) wifi:Init data frame dynamic rx buffer num: 32
I (2523) wifi:Init dynamic rx mgmt buffer num: 5
I (2523) wifi:Init management short buffer num: 32
I (2524) wifi:Init static tx buffer num: 16
I (2524) wifi:Init tx cache buffer num: 32
I (2524) wifi:Init static tx FG buffer num: 2
I (2525) wifi:Init static rx buffer size: 1600
I (2525) wifi:Init static rx buffer num: 16
I (2525) wifi:Init dynamic rx buffer num: 32
I (2526) wifi_init: rx ba win: 6
I (2526) wifi_init: accept mbox: 6
I (2526) wifi_init: tcpip mbox: 32
I (2526) wifi_init: udp mbox: 6
I (2526) wifi_init: tcp mbox: 10
I (2526) wifi_init: tcp tx win: 65535
I (2526) wifi_init: tcp rx win: 5760
I (2526) wifi_init: tcp mss: 1440
I (2526) wifi_init: WiFi/LWIP prefer SPIRAM
W (2527) wifi:Password length matches WPA2 standards, authmode threshold changes from OPEN to WPA2
I (2527) phy_init: phy_version 711,97bcf0a2,Aug 25 2025,19:04:10
I (2559) wifi:mode : sta (28:84:85:90:68:e8)
I (2560) wifi:enable tsf
I (2561) clare_net: Wi-Fi protocols limited to 11b/g/n mask=0x07
I (2561) wifi:Set ps type: 0, coexist: 0

I (2562) clare_s3: Clare UI ready; touch the Clare tile
I (2562) ESP_ES_PARSER: The version of es_parser is v1.0.1
I (2563) clare_s3: Boot chime playback err=0
I (2564) main_task: Returned from app_main()
I (2583) clare_audio: tts playback task started
I (2597) clare_audio: tts first audio out (ring consumed 1024 bytes so far)
I (5913) clare_audio: tts playback task done: ring=26733 B pcm=160128 B
I (10562) clare_s3: Boot network self-test begin
I (10570) wifi:new:<6,1>, old:<1,0>, ap:<255,255>, sta:<6,1>, prof:1, snd_ch_cfg:0x0
I (10571) wifi:state: init -> auth (0xb0)
I (10576) wifi:state: auth -> assoc (0x0)
I (10584) wifi:state: assoc -> run (0x10)
I (10607) wifi:connected with LDKJ, aid = 4, channel 6, 40U, bssid = 50:fe:39:e6:47:92
I (10607) wifi:security: WPA2-PSK, phy: bgn, rssi: -29
I (10608) wifi:pm start, type: 0

I (10608) wifi:dp: 1, bi: 102400, li: 3, scale listen interval from 307200 us to 307200 us
I (10608) wifi:set rx beacon pti, rx_bcn_pti: 0, bcn_timeout: 25000, mt_pti: 0, mt_time: 10000
I (10617) wifi:AP's beacon interval = 102400 us, DTIM period = 1
I (11079) wifi:<ba-add>idx:0 (ifx:0, 50:fe:39:e6:47:92), tid:0, ssn:0, winSize:64
I (12116) esp_netif_handlers: sta ip: 192.168.31.8, mask: 255.255.255.0, gw: 192.168.31.1
I (12116) clare_net: DHCP DNS main=192.168.31.1
I (12116) clare_net: Create session URL ready=1
I (12116) clare_net: HTTP before init free8=4861763 largest8=4718592 free_internal=67019 largest_internal=31744
I (12122) wifi:<ba-add>idx:1 (ifx:0, 50:fe:39:e6:47:92), tid:6, ssn:2, winSize:64
I (12712) clare_net: HTTP response status=200 bytes=105 truncated=0
I (12714) clare_s3: Boot network self-test session err=0 (attempt 1/4)
I (12715) websocket_client: Started
I (13150) clare_net: WebSocket connected kind=0
I (13150) clare_s3: Boot network self-test transcribe err=0
I (14252) websocket_client: Started
I (14684) clare_net: WebSocket connected kind=1
I (14684) clare_s3: Ask Clare a question
I (14684) clare_s3: Boot network self-test host err=0
I (15786) clare_net: HTTP before init free8=4860531 largest8=4718592 free_internal=66559 largest_internal=31744
I (16233) clare_net: HTTP response status=200 bytes=255 truncated=1
I (16235) clare_s3: Boot network self-test complete
